Archive member included because of file (symbol)

C:\Users\Flo\AppData\Local\arduino15\packages\arduino\hardware\sam\1.6.9\variants\arduino_due_x/libsam_sam3x8e_gcc_rel.a(pio.o)
                              C:\Users\Flo\AppData\Local\Temp\VMBuilds\test_pendant\arduino_due_x_dbg\Debug\SPI\SPI.cpp.o (PIO_Configure)
C:\Users\Flo\AppData\Local\arduino15\packages\arduino\hardware\sam\1.6.9\variants\arduino_due_x/libsam_sam3x8e_gcc_rel.a(pmc.o)
                              C:\Users\Flo\AppData\Local\Temp\VMBuilds\test_pendant\arduino_due_x_dbg\Debug\variant\variant.cpp.o (pmc_enable_periph_clk)
C:\Users\Flo\AppData\Local\arduino15\packages\arduino\hardware\sam\1.6.9\variants\arduino_due_x/libsam_sam3x8e_gcc_rel.a(spi.o)
                              C:\Users\Flo\AppData\Local\Temp\VMBuilds\test_pendant\arduino_due_x_dbg\Debug\SPI\SPI.cpp.o (SPI_Enable)
C:\Users\Flo\AppData\Local\arduino15\packages\arduino\hardware\sam\1.6.9\variants\arduino_due_x/libsam_sam3x8e_gcc_rel.a(system_sam3xa.o)
                              C:\Users\Flo\AppData\Local\Temp\VMBuilds\test_pendant\arduino_due_x_dbg\Debug\variant\variant.cpp.o (SystemInit)
C:\Users\Flo\AppData\Local\arduino15\packages\arduino\hardware\sam\1.6.9\variants\arduino_due_x/libsam_sam3x8e_gcc_rel.a(startup_sam3xa.o)
                              (Reset_Handler)
C:\Users\Flo\AppData\Local\arduino15\packages\arduino\hardware\sam\1.6.9\variants\arduino_due_x/libsam_sam3x8e_gcc_rel.a(adc.o)
                              C:\Users\Flo\AppData\Local\Temp\VMBuilds\test_pendant\arduino_due_x_dbg\Debug\variant\variant.cpp.o (adc_init)
C:\Users\Flo\AppData\Local\arduino15\packages\arduino\hardware\sam\1.6.9\variants\arduino_due_x/libsam_sam3x8e_gcc_rel.a(uotghs.o)
                              C:\Users\Flo\AppData\Local\arduino15\packages\arduino\hardware\sam\1.6.9\variants\arduino_due_x/libsam_sam3x8e_gcc_rel.a(startup_sam3xa.o) (UOTGHS_Handler)
C:\Users\Flo\AppData\Local\Temp\VMBuilds\test_pendant\arduino_due_x_dbg\Debug/core.a(cortex_handlers.c.o)
                              C:\Users\Flo\AppData\Local\arduino15\packages\arduino\hardware\sam\1.6.9\variants\arduino_due_x/libsam_sam3x8e_gcc_rel.a(startup_sam3xa.o) (NMI_Handler)
C:\Users\Flo\AppData\Local\Temp\VMBuilds\test_pendant\arduino_due_x_dbg\Debug/core.a(hooks.c.o)
                              C:\Users\Flo\AppData\Local\Temp\VMBuilds\test_pendant\arduino_due_x_dbg\Debug/core.a(cortex_handlers.c.o) (sysTickHook)
C:\Users\Flo\AppData\Local\Temp\VMBuilds\test_pendant\arduino_due_x_dbg\Debug/core.a(syscalls_sam3.c.o)
                              (_sbrk)
C:\Users\Flo\AppData\Local\Temp\VMBuilds\test_pendant\arduino_due_x_dbg\Debug/core.a(WInterrupts.c.o)
                              C:\Users\Flo\AppData\Local\Temp\VMBuilds\test_pendant\arduino_due_x_dbg\Debug\test_pendant.cpp.o (attachInterrupt)
C:\Users\Flo\AppData\Local\Temp\VMBuilds\test_pendant\arduino_due_x_dbg\Debug/core.a(wiring.c.o)
                              C:\Users\Flo\AppData\Local\Temp\VMBuilds\test_pendant\arduino_due_x_dbg\Debug\test_pendant.cpp.o (millis)
C:\Users\Flo\AppData\Local\Temp\VMBuilds\test_pendant\arduino_due_x_dbg\Debug/core.a(wiring_analog.c.o)
                              C:\Users\Flo\AppData\Local\Temp\VMBuilds\test_pendant\arduino_due_x_dbg\Debug\variant\variant.cpp.o (analogOutputInit)
C:\Users\Flo\AppData\Local\Temp\VMBuilds\test_pendant\arduino_due_x_dbg\Debug/core.a(wiring_digital.c.o)
                              C:\Users\Flo\AppData\Local\Temp\VMBuilds\test_pendant\arduino_due_x_dbg\Debug\test_pendant.cpp.o (pinMode)
C:\Users\Flo\AppData\Local\Temp\VMBuilds\test_pendant\arduino_due_x_dbg\Debug/core.a(abi.cpp.o)
                              C:\Users\Flo\AppData\Local\Temp\VMBuilds\test_pendant\arduino_due_x_dbg\Debug\test_pendant.cpp.o (__cxa_pure_virtual)
C:\Users\Flo\AppData\Local\Temp\VMBuilds\test_pendant\arduino_due_x_dbg\Debug/core.a(main.cpp.o)
                              c:/users/flo/appdata/local/arduino15/packages/arduino/tools/arm-none-eabi-gcc/4.8.3-2014q1/bin/../lib/gcc/arm-none-eabi/4.8.3/../../../../arm-none-eabi/lib/armv7-m/crt0.o (main)
C:\Users\Flo\AppData\Local\Temp\VMBuilds\test_pendant\arduino_due_x_dbg\Debug/core.a(new.cpp.o)
                              C:\Users\Flo\AppData\Local\Temp\VMBuilds\test_pendant\arduino_due_x_dbg\Debug\test_pendant.cpp.o (operator new(unsigned int))
C:\Users\Flo\AppData\Local\Temp\VMBuilds\test_pendant\arduino_due_x_dbg\Debug/core.a(Print.cpp.o)
                              C:\Users\Flo\AppData\Local\Temp\VMBuilds\test_pendant\arduino_due_x_dbg\Debug\test_pendant.cpp.o (Print::write(unsigned char const*, unsigned int))
C:\Users\Flo\AppData\Local\Temp\VMBuilds\test_pendant\arduino_due_x_dbg\Debug/core.a(Reset.cpp.o)
                              C:\Users\Flo\AppData\Local\Temp\VMBuilds\test_pendant\arduino_due_x_dbg\Debug/core.a(cortex_handlers.c.o) (tickReset)
C:\Users\Flo\AppData\Local\Temp\VMBuilds\test_pendant\arduino_due_x_dbg\Debug/core.a(RingBuffer.cpp.o)
[...]
Memory Configuration

Name             Origin             Length             Attributes
rom              0x00080000         0x00080000         xr
sram0            0x20000000         0x00010000         xrw
sram1            0x20080000         0x00008000         xrw
ram              0x20070000         0x00018000         xrw
*default*        0x00000000         0xffffffff

Linker script and memory map

LOAD c:/users/flo/appdata/local/arduino15/packages/arduino/tools/arm-none-eabi-gcc/4.8.3-2014q1/bin/../lib/gcc/arm-none-eabi/4.8.3/armv7-m/crti.o
LOAD c:/users/flo/appdata/local/arduino15/packages/arduino/tools/arm-none-eabi-gcc/4.8.3-2014q1/bin/../lib/gcc/arm-none-eabi/4.8.3/armv7-m/crtbegin.o
LOAD c:/users/flo/appdata/local/arduino15/packages/arduino/tools/arm-none-eabi-gcc/4.8.3-2014q1/bin/../lib/gcc/arm-none-eabi/4.8.3/../../../../arm-none-eabi/lib/armv7-m/crt0.o
START GROUP
LOAD C:\Users\Flo\AppData\Local\Temp\VMBuilds\test_pendant\arduino_due_x_dbg\Debug\test_pendant.cpp.o
LOAD C:\Users\Flo\AppData\Local\Temp\VMBuilds\test_pendant\arduino_due_x_dbg\Debug\SPI\SPI.cpp.o
LOAD C:\Users\Flo\AppData\Local\Temp\VMBuilds\test_pendant\arduino_due_x_dbg\Debug\SD\File.cpp.o
LOAD C:\Users\Flo\AppData\Local\Temp\VMBuilds\test_pendant\arduino_due_x_dbg\Debug\SD\SD.cpp.o
LOAD C:\Users\Flo\AppData\Local\Temp\VMBuilds\test_pendant\arduino_due_x_dbg\Debug\SD\utility\Sd2Card.cpp.o
LOAD C:\Users\Flo\AppData\Local\Temp\VMBuilds\test_pendant\arduino_due_x_dbg\Debug\SD\utility\SdFile.cpp.o
LOAD C:\Users\Flo\AppData\Local\Temp\VMBuilds\test_pendant\arduino_due_x_dbg\Debug\SD\utility\SdVolume.cpp.o
LOAD C:\Users\Flo\AppData\Local\Temp\VMBuilds\test_pendant\arduino_due_x_dbg\Debug\Keypad\Key.cpp.o
LOAD C:\Users\Flo\AppData\Local\Temp\VMBuilds\test_pendant\arduino_due_x_dbg\Debug\Keypad\Keypad.cpp.o
LOAD C:\Users\Flo\AppData\Local\Temp\VMBuilds\test_pendant\arduino_due_x_dbg\Debug\LiquidCrystalDue\LCD.cpp.o
LOAD C:\Users\Flo\AppData\Local\Temp\VMBuilds\test_pendant\arduino_due_x_dbg\Debug\LiquidCrystalDue\LiquidCrystalDue.cpp.o
LOAD C:\Users\Flo\AppData\Local\Temp\VMBuilds\test_pendant\arduino_due_x_dbg\Debug\variant\variant.cpp.o
LOAD C:\Users\Flo\AppData\Local\arduino15\packages\arduino\hardware\sam\1.6.9\variants\arduino_due_x/libsam_sam3x8e_gcc_rel.a
LOAD C:\Users\Flo\AppData\Local\Temp\VMBuilds\test_pendant\arduino_due_x_dbg\Debug/core.a
END GROUP
LOAD c:/users/flo/appdata/local/arduino15/packages/arduino/tools/arm-none-eabi-gcc/4.8.3-2014q1/bin/../lib/gcc/arm-none-eabi/4.8.3/../../../../arm-none-eabi/lib/armv7-m\libm.a
START GROUP
LOAD c:/users/flo/appdata/local/arduino15/packages/arduino/tools/arm-none-eabi-gcc/4.8.3-2014q1/bin/../lib/gcc/arm-none-eabi/4.8.3/armv7-m\libgcc.a
LOAD c:/users/flo/appdata/local/arduino15/packages/arduino/tools/arm-none-eabi-gcc/4.8.3-2014q1/bin/../lib/gcc/arm-none-eabi/4.8.3/../../../../arm-none-eabi/lib/armv7-m\libg.a
LOAD c:/users/flo/appdata/local/arduino15/packages/arduino/tools/arm-none-eabi-gcc/4.8.3-2014q1/bin/../lib/gcc/arm-none-eabi/4.8.3/../../../../arm-none-eabi/lib/armv7-m\libc.a
END GROUP
LOAD c:/users/flo/appdata/local/arduino15/packages/arduino/tools/arm-none-eabi-gcc/4.8.3-2014q1/bin/../lib/gcc/arm-none-eabi/4.8.3/armv7-m/crtend.o
LOAD c:/users/flo/appdata/local/arduino15/packages/arduino/tools/arm-none-eabi-gcc/4.8.3-2014q1/bin/../lib/gcc/arm-none-eabi/4.8.3/armv7-m/crtn.o

.text           0x00080000     0xea34
                0x00080000                . = ALIGN (0x4)
                0x00080000                _sfixed = .
 *(.vectors .vectors.*)
 .vectors       0x00080000       0xf4 C:\Users\Flo\AppData\Local\arduino15\packages\arduino\hardware\sam\1.6.9\variants\arduino_due_x/libsam_sam3x8e_gcc_rel.a(startup_sam3xa.o)
                0x00080000                exception_table
 *(.text .text.* .gnu.linkonce.t.*)
 .text          0x000800f4       0x54 c:/users/flo/appdata/local/arduino15/packages/arduino/tools/arm-none-eabi-gcc/4.8.3-2014q1/bin/../lib/gcc/arm-none-eabi/4.8.3/armv7-m/crtbegin.o
 .text._ZN7SpindleD2Ev
                0x00080148        0x8 C:\Users\Flo\AppData\Local\Temp\VMBuilds\test_pendant\arduino_due_x_dbg\Debug\test_pendant.cpp.o
                0x00080148                Spindle::~Spindle()
                0x00080148                Spindle::~Spindle()
 .text._ZN8KeyboardD2Ev
                0x00080150        0x2 C:\Users\Flo\AppData\Local\Temp\VMBuilds\test_pendant\arduino_due_x_dbg\Debug\test_pendant.cpp.o
                0x00080150                Keyboard::~Keyboard()
                0x00080150                Keyboard::~Keyboard()
 .text._ZN10LinkedListI6StringE4sizeEv
                0x00080152        0x4 C:\Users\Flo\AppData\Local\Temp\VMBuilds\test_pendant\arduino_due_x_dbg\Debug\test_pendant.cpp.o
                0x00080152                LinkedList<String>::size()
 *fill*         0x00080156        0x2 
 .text._ZN7Pendant8fastReadEv
                0x00080158       0x40 C:\Users\Flo\AppData\Local\Temp\VMBuilds\test_pendant\arduino_due_x_dbg\Debug\test_pendant.cpp.o
                0x00080158                Pendant::fastRead()
 .text._ZN13RotaryEncoder15interruptRotaryEv
                0x00080198       0x3c C:\Users\Flo\AppData\Local\Temp\VMBuilds\test_pendant\arduino_due_x_dbg\Debug\test_pendant.cpp.o
                0x00080198                RotaryEncoder::interruptRotary()
 .text._ZN4DataD2Ev
                0x000801d4        0xc C:\Users\Flo\AppData\Local\Temp\VMBuilds\test_pendant\arduino_due_x_dbg\Debug\test_pendant.cpp.o
                0x000801d4                Data::~Data()
                0x000801d4                Data::~Data()
 .text._ZN10LinkedListI6StringE5clearEv
                0x000801e0       0x26 C:\Users\Flo\AppData\Local\Temp\VMBuilds\test_pendant\arduino_due_x_dbg\Debug\test_pendant.cpp.o
                0x000801e0                LinkedList<String>::clear()
 *fill*         0x00080206        0x2 
 .text.__tcf_0  0x00080208       0x2c C:\Users\Flo\AppData\Local\Temp\VMBuilds\test_pendant\arduino_due_x_dbg\Debug\test_pendant.cpp.o
 .text.__tcf_1  0x00080234       0x1c C:\Users\Flo\AppData\Local\Temp\VMBuilds\test_pendant\arduino_due_x_dbg\Debug\test_pendant.cpp.o
 .text._ZN6BipperD2Ev
                0x00080250       0x20 C:\Users\Flo\AppData\Local\Temp\VMBuilds\test_pendant\arduino_due_x_dbg\Debug\test_pendant.cpp.o
                0x00080250                Bipper::~Bipper()
                0x00080250                Bipper::~Bipper()
 .text._ZN10LinkedListI6StringE5shiftEv
                0x00080270       0x60 C:\Users\Flo\AppData\Local\Temp\VMBuilds\test_pendant\arduino_due_x_dbg\Debug\test_pendant.cpp.o
                0x00080270                LinkedList<String>::shift()
 .text._ZN10LinkedListI6StringED2Ev
                0x000802d0       0x2c C:\Users\Flo\AppData\Local\Temp\VMBuilds\test_pendant\arduino_due_x_dbg\Debug\test_pendant.cpp.o
                0x000802d0                LinkedList<String>::~LinkedList()
                0x000802d0                LinkedList<String>::~LinkedList()
 .text._ZN10LinkedListI6StringE3addES0_
                0x000802fc       0x4c C:\Users\Flo\AppData\Local\Temp\VMBuilds\test_pendant\arduino_due_x_dbg\Debug\test_pendant.cpp.o
                0x000802fc                LinkedList<String>::add(String)
 .text._ZN10LinkedListI6StringE7unshiftES0_
                0x00080348       0x60 C:\Users\Flo\AppData\Local\Temp\VMBuilds\test_pendant\arduino_due_x_dbg\Debug\test_pendant.cpp.o
                0x00080348                LinkedList<String>::unshift(String)
 .text._ZN4DataC2E6Stringiif
                0x000803a8       0x58 C:\Users\Flo\AppData\Local\Temp\VMBuilds\test_pendant\arduino_due_x_dbg\Debug\test_pendant.cpp.o
                0x000803a8                Data::Data(String, int, int, float)
                0x000803a8                Data::Data(String, int, int, float)
 .text._ZN4DataC2Ev
                0x00080400       0x14 C:\Users\Flo\AppData\Local\Temp\VMBuilds\test_pendant\arduino_due_x_dbg\Debug\test_pendant.cpp.o
                0x00080400                Data::Data()
                0x00080400                Data::Data()
 .text._ZN4Data3addEf
                0x00080414       0x38 C:\Users\Flo\AppData\Local\Temp\VMBuilds\test_pendant\arduino_due_x_dbg\Debug\test_pendant.cpp.o
                0x00080414                Data::add(float)
 .text._ZN6BipperC2Ei
                0x0008044c       0x22 C:\Users\Flo\AppData\Local\Temp\VMBuilds\test_pendant\arduino_due_x_dbg\Debug\test_pendant.cpp.o
                0x0008044c                Bipper::Bipper(int)
                0x0008044c                Bipper::Bipper(int)
 .text._ZN6Bipper6updateEv
                0x0008046e       0x28 C:\Users\Flo\AppData\Local\Temp\VMBuilds\test_pendant\arduino_due_x_dbg\Debug\test_pendant.cpp.o
                0x0008046e                Bipper::update()
 .text._ZN6Bipper5startEm
                0x00080496       0x1a C:\Users\Flo\AppData\Local\Temp\VMBuilds\test_pendant\arduino_due_x_dbg\Debug\test_pendant.cpp.o
                0x00080496                Bipper::start(unsigned long)
 .text._ZN8KeyboardC2Ev
                0x000804b0       0xde C:\Users\Flo\AppData\Local\Temp\VMBuilds\test_pendant\arduino_due_x_dbg\Debug\test_pendant.cpp.o
                0x000804b0                Keyboard::Keyboard()
                0x000804b0                Keyboard::Keyboard()
 .text._ZN8Keyboard5checkEv
                0x0008058e       0x5a C:\Users\Flo\AppData\Local\Temp\VMBuilds\test_pendant\arduino_due_x_dbg\Debug\test_pendant.cpp.o
                0x0008058e                Keyboard::check()
 .text._Z15resizeForScreen6Stringi
                0x000805e8       0x1c C:\Users\Flo\AppData\Local\Temp\VMBuilds\test_pendant\arduino_due_x_dbg\Debug\test_pendant.cpp.o
                0x000805e8                resizeForScreen(String, int)
 .text._Z13serialDrawAdd6String
                0x00080604       0x60 C:\Users\Flo\AppData\Local\Temp\VMBuilds\test_pendant\arduino_due_x_dbg\Debug\test_pendant.cpp.o
                0x00080604                serialDrawAdd(String)
 .text._Z10sendToGrbl6String
                0x00080664       0x3c C:\Users\Flo\AppData\Local\Temp\VMBuilds\test_pendant\arduino_due_x_dbg\Debug\test_pendant.cpp.o
                0x00080664                sendToGrbl(String)
 .text._Z18initBasicSetupGRBLv
                0x000806a0       0x38 C:\Users\Flo\AppData\Local\Temp\VMBuilds\test_pendant\arduino_due_x_dbg\Debug\test_pendant.cpp.o
                0x000806a0                initBasicSetupGRBL()
 .text._Z18upPositionSelectSDv
                0x000806d8       0x14 C:\Users\Flo\AppData\Local\Temp\VMBuilds\test_pendant\arduino_due_x_dbg\Debug\test_pendant.cpp.o
                0x000806d8                upPositionSelectSD()
 .text._Z20downPositionSelectSDv
                0x000806ec       0x1c C:\Users\Flo\AppData\Local\Temp\VMBuilds\test_pendant\arduino_due_x_dbg\Debug\test_pendant.cpp.o
                0x000806ec                downPositionSelectSD()
 .text._ZN5SDLib4FileaSEOS0_
                0x00080708       0x28 C:\Users\Flo\AppData\Local\Temp\VMBuilds\test_pendant\arduino_due_x_dbg\Debug\test_pendant.cpp.o
                0x00080708                SDLib::File::operator=(SDLib::File&&)
 .text._ZN5SDLib4FileC2ERKS0_
                0x00080730       0x30 C:\Users\Flo\AppData\Local\Temp\VMBuilds\test_pendant\arduino_due_x_dbg\Debug\test_pendant.cpp.o
                0x00080730                SDLib::File::File(SDLib::File const&)
                0x00080730                SDLib::File::File(SDLib::File const&)
 .text._Z15requestPositionv
                0x00080760       0x10 C:\Users\Flo\AppData\Local\Temp\VMBuilds\test_pendant\arduino_due_x_dbg\Debug\test_pendant.cpp.o
                0x00080760                requestPosition()
 .text._Z14cuteGRBLstring6Stringcib
                0x00080770       0x80 C:\Users\Flo\AppData\Local\Temp\VMBuilds\test_pendant\arduino_due_x_dbg\Debug\test_pendant.cpp.o
                0x00080770                cuteGRBLstring(String, char, int, bool)
 .text._Z10findStatus6String
                0x000807f0       0x84 C:\Users\Flo\AppData\Local\Temp\VMBuilds\test_pendant\arduino_due_x_dbg\Debug\test_pendant.cpp.o
                0x000807f0                findStatus(String)
 .text._Z15parse_and_storev
                0x00080874      0x310 C:\Users\Flo\AppData\Local\Temp\VMBuilds\test_pendant\arduino_due_x_dbg\Debug\test_pendant.cpp.o
                0x00080874                parse_and_store()
 .text._Z9getStatus10GRBLSTATUS
                0x00080b84       0x64 C:\Users\Flo\AppData\Local\Temp\VMBuilds\test_pendant\arduino_due_x_dbg\Debug\test_pendant.cpp.o
                0x00080b84                getStatus(GRBLSTATUS)
 .text._Z18clearDirectoryDatav
                0x00080be8       0x28 C:\Users\Flo\AppData\Local\Temp\VMBuilds\test_pendant\arduino_due_x_dbg\Debug\test_pendant.cpp.o
                0x00080be8                clearDirectoryData()
 .text._Z16addDirectoryData6String
                0x00080c10       0x30 C:\Users\Flo\AppData\Local\Temp\VMBuilds\test_pendant\arduino_due_x_dbg\Debug\test_pendant.cpp.o
                0x00080c10                addDirectoryData(String)
 .text._Z13directoryDataN5SDLib4FileE
                0x00080c40      0x11c C:\Users\Flo\AppData\Local\Temp\VMBuilds\test_pendant\arduino_due_x_dbg\Debug\test_pendant.cpp.o
                0x00080c40                directoryData(SDLib::File)
 .text._Z11initSDbasicv
                0x00080d5c       0x44 C:\Users\Flo\AppData\Local\Temp\VMBuilds\test_pendant\arduino_due_x_dbg\Debug\test_pendant.cpp.o
                0x00080d5c                initSDbasic()
 .text._ZN5Order4initEv
                0x00080da0       0xac C:\Users\Flo\AppData\Local\Temp\VMBuilds\test_pendant\arduino_due_x_dbg\Debug\test_pendant.cpp.o
                0x00080da0                Order::init()
 .text._ZN7Pendant4initEv
                0x00080e4c       0xe0 C:\Users\Flo\AppData\Local\Temp\VMBuilds\test_pendant\arduino_due_x_dbg\Debug\test_pendant.cpp.o
                0x00080e4c                Pendant::init()
 .text._ZN7Pendant12readAxisEnumEv
                0x00080f2c       0x36 C:\Users\Flo\AppData\Local\Temp\VMBuilds\test_pendant\arduino_due_x_dbg\Debug\test_pendant.cpp.o
                0x00080f2c                Pendant::readAxisEnum()
 .text._ZN7Pendant13readScaleEnumEv
                0x00080f62       0x26 C:\Users\Flo\AppData\Local\Temp\VMBuilds\test_pendant\arduino_due_x_dbg\Debug\test_pendant.cpp.o
                0x00080f62                Pendant::readScaleEnum()
 .text._ZN13RotaryEncoder4initEv
                0x00080f88       0x3c C:\Users\Flo\AppData\Local\Temp\VMBuilds\test_pendant\arduino_due_x_dbg\Debug\test_pendant.cpp.o
                0x00080f88                RotaryEncoder::init()
 .text._ZN13RotaryEncoder5checkEv
                0x00080fc4       0x20 C:\Users\Flo\AppData\Local\Temp\VMBuilds\test_pendant\arduino_due_x_dbg\Debug\test_pendant.cpp.o
                0x00080fc4                RotaryEncoder::check()
 .text._ZN13RotaryEncoder9checkPushEv
                0x00080fe4       0x30 C:\Users\Flo\AppData\Local\Temp\VMBuilds\test_pendant\arduino_due_x_dbg\Debug\test_pendant.cpp.o
                0x00080fe4                RotaryEncoder::checkPush()
 .text._ZN10LinkedListI6StringE7getNodeEi
                0x00081014       0x2e C:\Users\Flo\AppData\Local\Temp\VMBuilds\test_pendant\arduino_due_x_dbg\Debug\test_pendant.cpp.o
                0x00081014                LinkedList<String>::getNode(int)
 *fill*         0x00081042        0x2 
 .text._ZN10LinkedListI6StringE3popEv
                0x00081044       0x84 C:\Users\Flo\AppData\Local\Temp\VMBuilds\test_pendant\arduino_due_x_dbg\Debug\test_pendant.cpp.o
                0x00081044                LinkedList<String>::pop()
 .text._ZN5Order16checkOrderToSendEv
                0x000810c8       0x50 C:\Users\Flo\AppData\Local\Temp\VMBuilds\test_pendant\arduino_due_x_dbg\Debug\test_pendant.cpp.o
                0x000810c8                Order::checkOrderToSend()
 .text._ZN10LinkedListI6StringE3addEiS0_
                0x00081118       0x7c C:\Users\Flo\AppData\Local\Temp\VMBuilds\test_pendant\arduino_due_x_dbg\Debug\test_pendant.cpp.o
                0x00081118                LinkedList<String>::add(int, String)
 .text._ZN5Order14addInListOrderE6String
                0x00081194       0x24 C:\Users\Flo\AppData\Local\Temp\VMBuilds\test_pendant\arduino_due_x_dbg\Debug\test_pendant.cpp.o
                0x00081194                Order::addInListOrder(String)
 .text._ZN7Spindle5startEv
                0x000811b8       0x4c C:\Users\Flo\AppData\Local\Temp\VMBuilds\test_pendant\arduino_due_x_dbg\Debug\test_pendant.cpp.o
                0x000811b8                Spindle::start()
 .text._ZN7Spindle4stopEv
                0x00081204       0x24 C:\Users\Flo\AppData\Local\Temp\VMBuilds\test_pendant\arduino_due_x_dbg\Debug\test_pendant.cpp.o
                0x00081204                Spindle::stop()
 .text._Z18managementKeyboard8e_Button
                0x00081228       0xd8 C:\Users\Flo\AppData\Local\Temp\VMBuilds\test_pendant\arduino_due_x_dbg\Debug\test_pendant.cpp.o
                0x00081228                managementKeyboard(e_Button)
 .text._ZN7Spindle8speedAddEi
                0x00081300       0x60 C:\Users\Flo\AppData\Local\Temp\VMBuilds\test_pendant\arduino_due_x_dbg\Debug\test_pendant.cpp.o
                0x00081300                Spindle::speedAdd(int)
 .text._ZN7Spindle8speedSetEi
                0x00081360       0x5c C:\Users\Flo\AppData\Local\Temp\VMBuilds\test_pendant\arduino_due_x_dbg\Debug\test_pendant.cpp.o
                0x00081360                Spindle::speedSet(int)
 .text._ZN5Order11createOrderE3AXEf6String
                0x000813bc       0x64 C:\Users\Flo\AppData\Local\Temp\VMBuilds\test_pendant\arduino_due_x_dbg\Debug\test_pendant.cpp.o
                0x000813bc                Order::createOrder(AXE, float, String)
 .text._ZN7Pendant16commandReadStatsEv
                0x00081420       0xe8 C:\Users\Flo\AppData\Local\Temp\VMBuilds\test_pendant\arduino_due_x_dbg\Debug\test_pendant.cpp.o
                0x00081420                Pendant::commandReadStats()
 .text._ZN10LinkedListI6StringE3setEiS0_
                0x00081508       0x20 C:\Users\Flo\AppData\Local\Temp\VMBuilds\test_pendant\arduino_due_x_dbg\Debug\test_pendant.cpp.o
                0x00081508                LinkedList<String>::set(int, String)
 .text._ZN10LinkedListI6StringE6removeEi
                0x00081528       0x7c C:\Users\Flo\AppData\Local\Temp\VMBuilds\test_pendant\arduino_due_x_dbg\Debug\test_pendant.cpp.o
                0x00081528                LinkedList<String>::remove(int)
 .text._ZN10LinkedListI6StringE3getEi
                0x000815a4       0x28 C:\Users\Flo\AppData\Local\Temp\VMBuilds\test_pendant\arduino_due_x_dbg\Debug\test_pendant.cpp.o
                0x000815a4                LinkedList<String>::get(int)
 .text.startup._GLOBAL__sub_I__ZN4DataC2E6Stringiif
                0x000815cc      0x220 C:\Users\Flo\AppData\Local\Temp\VMBuilds\test_pendant\arduino_due_x_dbg\Debug\test_pendant.cpp.o
 .text._Z20pushPositionSelectSDv
                0x000817ec      0x198 C:\Users\Flo\AppData\Local\Temp\VMBuilds\test_pendant\arduino_due_x_dbg\Debug\test_pendant.cpp.o
                0x000817ec                pushPositionSelectSD()
 .text._Z17managementEncoderv
                0x00081984       0xa0 C:\Users\Flo\AppData\Local\Temp\VMBuilds\test_pendant\arduino_due_x_dbg\Debug\test_pendant.cpp.o
                0x00081984                managementEncoder()
 .text.setup    0x00081a24       0xc8 C:\Users\Flo\AppData\Local\Temp\VMBuilds\test_pendant\arduino_due_x_dbg\Debug\test_pendant.cpp.o
                0x00081a24                setup
 .text._Z14readSerialGRBLv
                0x00081aec      0x10c C:\Users\Flo\AppData\Local\Temp\VMBuilds\test_pendant\arduino_due_x_dbg\Debug\test_pendant.cpp.o
                0x00081aec                readSerialGRBL()
 .text.loop     0x00081bf8      0x3bc C:\Users\Flo\AppData\Local\Temp\VMBuilds\test_pendant\arduino_due_x_dbg\Debug\test_pendant.cpp.o
                0x00081bf8                loop
 .text._ZL10SPI_0_Initv
                0x00081fb4       0x48 C:\Users\Flo\AppData\Local\Temp\VMBuilds\test_pendant\arduino_due_x_dbg\Debug\SPI\SPI.cpp.o
 .text._ZN8SPIClass4initEv
                0x00081ffc       0x36 C:\Users\Flo\AppData\Local\Temp\VMBuilds\test_pendant\arduino_due_x_dbg\Debug\SPI\SPI.cpp.o
                0x00081ffc                SPIClass::init()
 *fill*         0x00082032        0x2 
 .text._ZN8SPIClass16beginTransactionEh11SPISettings
                0x00082034       0x98 C:\Users\Flo\AppData\Local\Temp\VMBuilds\test_pendant\arduino_due_x_dbg\Debug\SPI\SPI.cpp.o
                0x00082034                SPIClass::beginTransaction(unsigned char, SPISettings)
 .text._ZN8SPIClass14endTransactionEv
                0x000820cc       0x50 C:\Users\Flo\AppData\Local\Temp\VMBuilds\test_pendant\arduino_due_x_dbg\Debug\SPI\SPI.cpp.o
                0x000820cc                SPIClass::endTransaction()
 .text._ZN8SPIClass11setDataModeEhh
                0x0008211c       0x34 C:\Users\Flo\AppData\Local\Temp\VMBuilds\test_pendant\arduino_due_x_dbg\Debug\SPI\SPI.cpp.o
                0x0008211c                SPIClass::setDataMode(unsigned char, unsigned char)
 .text._ZN8SPIClass15setClockDividerEhh
                0x00082150       0x2e C:\Users\Flo\AppData\Local\Temp\VMBuilds\test_pendant\arduino_due_x_dbg\Debug\SPI\SPI.cpp.o
                0x00082150                SPIClass::setClockDivider(unsigned char, unsigned char)
 .text._ZN8SPIClass5beginEv
                0x0008217e       0x22 C:\Users\Flo\AppData\Local\Temp\VMBuilds\test_pendant\arduino_due_x_dbg\Debug\SPI\SPI.cpp.o
                0x0008217e                SPIClass::begin()
 .text._ZN8SPIClass8transferEhh15SPITransferMode
                0x000821a0       0x5e C:\Users\Flo\AppData\Local\Temp\VMBuilds\test_pendant\arduino_due_x_dbg\Debug\SPI\SPI.cpp.o
                0x000821a0                SPIClass::transfer(unsigned char, unsigned char, SPITransferMode)
 *fill*         0x000821fe        0x2 
 .text.startup._GLOBAL__sub_I__ZN8SPIClassC2EP3SpimPFvvE
                0x00082200       0x24 C:\Users\Flo\AppData\Local\Temp\VMBuilds\test_pendant\arduino_due_x_dbg\Debug\SPI\SPI.cpp.o
 .text._ZN5SDLib4File5writeEh
                0x00082224       0x16 C:\Users\Flo\AppData\Local\Temp\VMBuilds\test_pendant\arduino_due_x_dbg\Debug\SD\File.cpp.o
                0x00082224                SDLib::File::write(unsigned char)
 .text._ZN5SDLib4File5writeEPKhj
                0x0008223a       0x26 C:\Users\Flo\AppData\Local\Temp\VMBuilds\test_pendant\arduino_due_x_dbg\Debug\SD\File.cpp.o
                0x0008223a                SDLib::File::write(unsigned char const*, unsigned int)
 .text._ZN5SDLib4File5flushEv
                0x00082260        0xa C:\Users\Flo\AppData\Local\Temp\VMBuilds\test_pendant\arduino_due_x_dbg\Debug\SD\File.cpp.o
                0x00082260                SDLib::File::flush()
 .text._ZN6SdFile4readEv
                0x0008226a       0x20 C:\Users\Flo\AppData\Local\Temp\VMBuilds\test_pendant\arduino_due_x_dbg\Debug\SD\File.cpp.o
                0x0008226a                SdFile::read()
 .text._ZN5SDLib4File4readEv
                0x0008228a       0x12 C:\Users\Flo\AppData\Local\Temp\VMBuilds\test_pendant\arduino_due_x_dbg\Debug\SD\File.cpp.o
                0x0008228a                SDLib::File::read()
 .text._ZN5SDLib4File4peekEv
                0x0008229c       0x20 C:\Users\Flo\AppData\Local\Temp\VMBuilds\test_pendant\arduino_due_x_dbg\Debug\SD\File.cpp.o
                0x0008229c                SDLib::File::peek()
 .text._ZN5SDLib4FileC2E6SdFilePKc
                0x000822bc       0x50 C:\Users\Flo\AppData\Local\Temp\VMBuilds\test_pendant\arduino_due_x_dbg\Debug\SD\File.cpp.o
                0x000822bc                SDLib::File::File(SdFile, char const*)
                0x000822bc                SDLib::File::File(SdFile, char const*)
 .text._ZN5SDLib4FileC2Ev
                0x0008230c       0x18 C:\Users\Flo\AppData\Local\Temp\VMBuilds\test_pendant\arduino_due_x_dbg\Debug\SD\File.cpp.o
                0x0008230c                SDLib::File::File()
                0x0008230c                SDLib::File::File()
 .text._ZN5SDLib4File4nameEv
                0x00082324        0x4 C:\Users\Flo\AppData\Local\Temp\VMBuilds\test_pendant\arduino_due_x_dbg\Debug\SD\File.cpp.o
                0x00082324                SDLib::File::name()
 .text._ZN5SDLib4File11isDirectoryEv
                0x00082328       0x10 C:\Users\Flo\AppData\Local\Temp\VMBuilds\test_pendant\arduino_due_x_dbg\Debug\SD\File.cpp.o
                0x00082328                SDLib::File::isDirectory()
 .text._ZN5SDLib4File8positionEv
                0x00082338        0xe C:\Users\Flo\AppData\Local\Temp\VMBuilds\test_pendant\arduino_due_x_dbg\Debug\SD\File.cpp.o
                0x00082338                SDLib::File::position()
 .text._ZN5SDLib4File4sizeEv
                0x00082346        0x8 C:\Users\Flo\AppData\Local\Temp\VMBuilds\test_pendant\arduino_due_x_dbg\Debug\SD\File.cpp.o
                0x00082346                SDLib::File::size()
 .text._ZN5SDLib4File9availableEv
                0x0008234e       0x26 C:\Users\Flo\AppData\Local\Temp\VMBuilds\test_pendant\arduino_due_x_dbg\Debug\SD\File.cpp.o
                0x0008234e                SDLib::File::available()
 .text._ZN5SDLib4File5closeEv
                0x00082374       0x18 C:\Users\Flo\AppData\Local\Temp\VMBuilds\test_pendant\arduino_due_x_dbg\Debug\SD\File.cpp.o
                0x00082374                SDLib::File::close()
 .text._ZN5SDLib4FilecvbEv
                0x0008238c        0xe C:\Users\Flo\AppData\Local\Temp\VMBuilds\test_pendant\arduino_due_x_dbg\Debug\SD\File.cpp.o
                0x0008238c                SDLib::File::operator bool()
 .text._ZN8SdVolume4initEP7Sd2Card
                0x0008239a       0x20 C:\Users\Flo\AppData\Local\Temp\VMBuilds\test_pendant\arduino_due_x_dbg\Debug\SD\SD.cpp.o
                0x0008239a                SdVolume::init(Sd2Card*)
 .text._ZN5SDLib7SDClass5beginEh
                0x000823ba       0x34 C:\Users\Flo\AppData\Local\Temp\VMBuilds\test_pendant\arduino_due_x_dbg\Debug\SD\SD.cpp.o
                0x000823ba                SDLib::SDClass::begin(unsigned char)
 *fill*         0x000823ee        0x2 
 .text._ZN6SdFileC2ERKS_
                0x000823f0       0x34 C:\Users\Flo\AppData\Local\Temp\VMBuilds\test_pendant\arduino_due_x_dbg\Debug\SD\SD.cpp.o
                0x000823f0                SdFile::SdFile(SdFile const&)
                0x000823f0                SdFile::SdFile(SdFile const&)
 .text._ZN5SDLib7SDClass12getParentDirEPKcPi
                0x00082424       0xac C:\Users\Flo\AppData\Local\Temp\VMBuilds\test_pendant\arduino_due_x_dbg\Debug\SD\SD.cpp.o
                0x00082424                SDLib::SDClass::getParentDir(char const*, int*)
 .text._ZN5SDLib7SDClass4openEPKch
                0x000824d0       0xa4 C:\Users\Flo\AppData\Local\Temp\VMBuilds\test_pendant\arduino_due_x_dbg\Debug\SD\SD.cpp.o
                0x000824d0                SDLib::SDClass::open(char const*, unsigned char)
 .text._ZN5SDLib4File12openNextFileEh
                0x00082574       0x78 C:\Users\Flo\AppData\Local\Temp\VMBuilds\test_pendant\arduino_due_x_dbg\Debug\SD\SD.cpp.o
                0x00082574                SDLib::File::openNextFile(unsigned char)
 .text.startup._GLOBAL__sub_I__ZN5SDLib20getNextPathComponentEPKcPjPc
                0x000825ec       0x28 C:\Users\Flo\AppData\Local\Temp\VMBuilds\test_pendant\arduino_due_x_dbg\Debug\SD\SD.cpp.o
 .text._ZL7spiSendh
                0x00082614       0x10 C:\Users\Flo\AppData\Local\Temp\VMBuilds\test_pendant\arduino_due_x_dbg\Debug\SD\utility\Sd2Card.cpp.o
 .text._ZL6spiRecv
                0x00082624       0x10 C:\Users\Flo\AppData\Local\Temp\VMBuilds\test_pendant\arduino_due_x_dbg\Debug\SD\utility\Sd2Card.cpp.o
 .text._ZN7Sd2Card14chipSelectHighEv
                0x00082634       0x28 C:\Users\Flo\AppData\Local\Temp\VMBuilds\test_pendant\arduino_due_x_dbg\Debug\SD\utility\Sd2Card.cpp.o
                0x00082634                Sd2Card::chipSelectHigh()
 .text._ZN7Sd2Card13chipSelectLowEv
                0x0008265c       0x40 C:\Users\Flo\AppData\Local\Temp\VMBuilds\test_pendant\arduino_due_x_dbg\Debug\SD\utility\Sd2Card.cpp.o
                0x0008265c                Sd2Card::chipSelectLow()
 .text._ZN7Sd2Card7readEndEv
                0x0008269c       0x2a C:\Users\Flo\AppData\Local\Temp\VMBuilds\test_pendant\arduino_due_x_dbg\Debug\SD\utility\Sd2Card.cpp.o
                0x0008269c                Sd2Card::readEnd()
 *fill*         0x000826c6        0x2 
 .text._ZN7Sd2Card10setSckRateEh
                0x000826c8       0x58 C:\Users\Flo\AppData\Local\Temp\VMBuilds\test_pendant\arduino_due_x_dbg\Debug\SD\utility\Sd2Card.cpp.o
                0x000826c8                Sd2Card::setSckRate(unsigned char)
 .text._ZN7Sd2Card11waitNotBusyEt
                0x00082720       0x28 C:\Users\Flo\AppData\Local\Temp\VMBuilds\test_pendant\arduino_due_x_dbg\Debug\SD\utility\Sd2Card.cpp.o
                0x00082720                Sd2Card::waitNotBusy(unsigned short)
 .text._ZN7Sd2Card11cardCommandEhm
                0x00082748       0x60 C:\Users\Flo\AppData\Local\Temp\VMBuilds\test_pendant\arduino_due_x_dbg\Debug\SD\utility\Sd2Card.cpp.o
                0x00082748                Sd2Card::cardCommand(unsigned char, unsigned long)
 .text._ZN7Sd2Card4initEhh
                0x000827a8      0x150 C:\Users\Flo\AppData\Local\Temp\VMBuilds\test_pendant\arduino_due_x_dbg\Debug\SD\utility\Sd2Card.cpp.o
                0x000827a8                Sd2Card::init(unsigned char, unsigned char)
 .text._ZN7Sd2Card14waitStartBlockEv
                0x000828f8       0x3e C:\Users\Flo\AppData\Local\Temp\VMBuilds\test_pendant\arduino_due_x_dbg\Debug\SD\utility\Sd2Card.cpp.o
                0x000828f8                Sd2Card::waitStartBlock()
 .text._ZN7Sd2Card8readDataEmttPh
                0x00082936       0xa4 C:\Users\Flo\AppData\Local\Temp\VMBuilds\test_pendant\arduino_due_x_dbg\Debug\SD\utility\Sd2Card.cpp.o
                0x00082936                Sd2Card::readData(unsigned long, unsigned short, unsigned short, unsigned char*)
 .text._ZN7Sd2Card9readBlockEmPh
                0x000829da       0x14 C:\Users\Flo\AppData\Local\Temp\VMBuilds\test_pendant\arduino_due_x_dbg\Debug\SD\utility\Sd2Card.cpp.o
                0x000829da                Sd2Card::readBlock(unsigned long, unsigned char*)
 .text._ZN7Sd2Card9writeDataEhPKh
                0x000829ee       0x48 C:\Users\Flo\AppData\Local\Temp\VMBuilds\test_pendant\arduino_due_x_dbg\Debug\SD\utility\Sd2Card.cpp.o
                0x000829ee                Sd2Card::writeData(unsigned char, unsigned char const*)
 .text._ZN7Sd2Card10writeBlockEmPKh
                0x00082a36       0x6c C:\Users\Flo\AppData\Local\Temp\VMBuilds\test_pendant\arduino_due_x_dbg\Debug\SD\utility\Sd2Card.cpp.o
                0x00082a36                Sd2Card::writeBlock(unsigned long, unsigned char const*)
 *fill*         0x00082aa2        0x2 
 .text.startup._GLOBAL__sub_I__ZN7Sd2Card11cardCommandEhm
                0x00082aa4       0x14 C:\Users\Flo\AppData\Local\Temp\VMBuilds\test_pendant\arduino_due_x_dbg\Debug\SD\utility\Sd2Card.cpp.o
 .text._ZN6SdFile10addClusterEv
                0x00082ab8       0x26 C:\Users\Flo\AppData\Local\Temp\VMBuilds\test_pendant\arduino_due_x_dbg\Debug\SD\utility\SdFile.cpp.o
                0x00082ab8                SdFile::addCluster()
 .text._ZN6SdFile13addDirClusterEv
                0x00082ade       0x46 C:\Users\Flo\AppData\Local\Temp\VMBuilds\test_pendant\arduino_due_x_dbg\Debug\SD\utility\SdFile.cpp.o
                0x00082ade                SdFile::addDirCluster()
 .text._ZN6SdFile13cacheDirEntryEh
                0x00082b24       0x1c C:\Users\Flo\AppData\Local\Temp\VMBuilds\test_pendant\arduino_due_x_dbg\Debug\SD\utility\SdFile.cpp.o
                0x00082b24                SdFile::cacheDirEntry(unsigned char)
 .text._ZN6SdFile7dirNameERK14directoryEntryPc
                0x00082b40       0x2e C:\Users\Flo\AppData\Local\Temp\VMBuilds\test_pendant\arduino_due_x_dbg\Debug\SD\utility\SdFile.cpp.o
                0x00082b40                SdFile::dirName(directoryEntry const&, char*)
 *fill*         0x00082b6e        0x2 
 .text._ZN6SdFile10make83NameEPKcPh
                0x00082b70       0x98 C:\Users\Flo\AppData\Local\Temp\VMBuilds\test_pendant\arduino_due_x_dbg\Debug\SD\utility\SdFile.cpp.o
                0x00082b70                SdFile::make83Name(char const*, unsigned char*)
 .text._ZN6SdFile8openRootEP8SdVolume
                0x00082c08       0x50 C:\Users\Flo\AppData\Local\Temp\VMBuilds\test_pendant\arduino_due_x_dbg\Debug\SD\utility\SdFile.cpp.o
                0x00082c08                SdFile::openRoot(SdVolume*)
 .text._ZN6SdFile4readEPvt
                0x00082c58      0x104 C:\Users\Flo\AppData\Local\Temp\VMBuilds\test_pendant\arduino_due_x_dbg\Debug\SD\utility\SdFile.cpp.o
                0x00082c58                SdFile::read(void*, unsigned short)
 .text._ZN6SdFile7readDirEP14directoryEntry
                0x00082d5c       0x48 C:\Users\Flo\AppData\Local\Temp\VMBuilds\test_pendant\arduino_due_x_dbg\Debug\SD\utility\SdFile.cpp.o
                0x00082d5c                SdFile::readDir(directoryEntry*)
 .text._ZN6SdFile12readDirCacheEv
                0x00082da4       0x44 C:\Users\Flo\AppData\Local\Temp\VMBuilds\test_pendant\arduino_due_x_dbg\Debug\SD\utility\SdFile.cpp.o
                0x00082da4                SdFile::readDirCache()
 .text._ZN6SdFile7seekSetEm
                0x00082de8       0x5e C:\Users\Flo\AppData\Local\Temp\VMBuilds\test_pendant\arduino_due_x_dbg\Debug\SD\utility\SdFile.cpp.o
                0x00082de8                SdFile::seekSet(unsigned long)
 *fill*         0x00082e46        0x2 
 .text._ZN6SdFile4syncEv
                0x00082e48       0x58 C:\Users\Flo\AppData\Local\Temp\VMBuilds\test_pendant\arduino_due_x_dbg\Debug\SD\utility\SdFile.cpp.o
                0x00082e48                SdFile::sync()
 .text._ZN6SdFile5closeEv
                0x00082ea0       0x12 C:\Users\Flo\AppData\Local\Temp\VMBuilds\test_pendant\arduino_due_x_dbg\Debug\SD\utility\SdFile.cpp.o
                0x00082ea0                SdFile::close()
 *fill*         0x00082eb2        0x2 
 .text._ZN6SdFile8truncateEm
                0x00082eb4       0xb0 C:\Users\Flo\AppData\Local\Temp\VMBuilds\test_pendant\arduino_due_x_dbg\Debug\SD\utility\SdFile.cpp.o
                0x00082eb4                SdFile::truncate(unsigned long)
 .text._ZN6SdFile15openCachedEntryEhh
                0x00082f64       0x7c C:\Users\Flo\AppData\Local\Temp\VMBuilds\test_pendant\arduino_due_x_dbg\Debug\SD\utility\SdFile.cpp.o
                0x00082f64                SdFile::openCachedEntry(unsigned char, unsigned char)
 .text._ZN6SdFile4openEPS_PKch
                0x00082fe0      0x110 C:\Users\Flo\AppData\Local\Temp\VMBuilds\test_pendant\arduino_due_x_dbg\Debug\SD\utility\SdFile.cpp.o
                0x00082fe0                SdFile::open(SdFile*, char const*, unsigned char)
 .text._ZN6SdFile5writeEPKvt
                0x000830f0      0x194 C:\Users\Flo\AppData\Local\Temp\VMBuilds\test_pendant\arduino_due_x_dbg\Debug\SD\utility\SdFile.cpp.o
                0x000830f0                SdFile::write(void const*, unsigned short)
 .text._ZN6SdFile5writeEh
                0x00083284       0x16 C:\Users\Flo\AppData\Local\Temp\VMBuilds\test_pendant\arduino_due_x_dbg\Debug\SD\utility\SdFile.cpp.o
                0x00083284                SdFile::write(unsigned char)
 *fill*         0x0008329a        0x2 
 .text._ZN8SdVolume10cacheFlushEv
                0x0008329c       0x4c C:\Users\Flo\AppData\Local\Temp\VMBuilds\test_pendant\arduino_due_x_dbg\Debug\SD\utility\SdVolume.cpp.o
                0x0008329c                SdVolume::cacheFlush()
 .text._ZN8SdVolume13cacheRawBlockEmh
                0x000832e8       0x48 C:\Users\Flo\AppData\Local\Temp\VMBuilds\test_pendant\arduino_due_x_dbg\Debug\SD\utility\SdVolume.cpp.o
                0x000832e8                SdVolume::cacheRawBlock(unsigned long, unsigned char)
 .text._ZN8SdVolume14cacheZeroBlockEm
                0x00083330       0x38 C:\Users\Flo\AppData\Local\Temp\VMBuilds\test_pendant\arduino_due_x_dbg\Debug\SD\utility\SdVolume.cpp.o
                0x00083330                SdVolume::cacheZeroBlock(unsigned long)
 .text._ZNK8SdVolume6fatGetEmPm
                0x00083368       0x64 C:\Users\Flo\AppData\Local\Temp\VMBuilds\test_pendant\arduino_due_x_dbg\Debug\SD\utility\SdVolume.cpp.o
                0x00083368                SdVolume::fatGet(unsigned long, unsigned long*) const
 .text._ZNK8SdVolume9chainSizeEmPm
                0x000833cc       0x44 C:\Users\Flo\AppData\Local\Temp\VMBuilds\test_pendant\arduino_due_x_dbg\Debug\SD\utility\SdVolume.cpp.o
                0x000833cc                SdVolume::chainSize(unsigned long, unsigned long*) const
 .text._ZN8SdVolume6fatPutEmm
                0x00083410       0x84 C:\Users\Flo\AppData\Local\Temp\VMBuilds\test_pendant\arduino_due_x_dbg\Debug\SD\utility\SdVolume.cpp.o
                0x00083410                SdVolume::fatPut(unsigned long, unsigned long)
 .text._ZN8SdVolume15allocContiguousEmPm
                0x00083494       0xb4 C:\Users\Flo\AppData\Local\Temp\VMBuilds\test_pendant\arduino_due_x_dbg\Debug\SD\utility\SdVolume.cpp.o
                0x00083494                SdVolume::allocContiguous(unsigned long, unsigned long*)
 .text._ZN8SdVolume9freeChainEm
                0x00083548       0x48 C:\Users\Flo\AppData\Local\Temp\VMBuilds\test_pendant\arduino_due_x_dbg\Debug\SD\utility\SdVolume.cpp.o
                0x00083548                SdVolume::freeChain(unsigned long)
 .text._ZN8SdVolume4initEP7Sd2Cardh
                0x00083590       0xf4 C:\Users\Flo\AppData\Local\Temp\VMBuilds\test_pendant\arduino_due_x_dbg\Debug\SD\utility\SdVolume.cpp.o
                0x00083590                SdVolume::init(Sd2Card*, unsigned char)
 .text._ZN3KeyC2Ev
                0x00083684        0xa C:\Users\Flo\AppData\Local\Temp\VMBuilds\test_pendant\arduino_due_x_dbg\Debug\Keypad\Key.cpp.o
                0x00083684                Key::Key()
                0x00083684                Key::Key()
 .text._ZN6Keypad8pin_modeEhh
                0x0008368e        0x8 C:\Users\Flo\AppData\Local\Temp\VMBuilds\test_pendant\arduino_due_x_dbg\Debug\Keypad\Keypad.cpp.o
                0x0008368e                Keypad::pin_mode(unsigned char, unsigned char)
 .text._ZN6Keypad9pin_writeEhb
                0x00083696        0x8 C:\Users\Flo\AppData\Local\Temp\VMBuilds\test_pendant\arduino_due_x_dbg\Debug\Keypad\Keypad.cpp.o
                0x00083696                Keypad::pin_write(unsigned char, bool)
 .text._ZN6Keypad8pin_readEh
                0x0008369e        0x6 C:\Users\Flo\AppData\Local\Temp\VMBuilds\test_pendant\arduino_due_x_dbg\Debug\Keypad\Keypad.cpp.o
                0x0008369e                Keypad::pin_read(unsigned char)
 .text._ZN6KeypadC2Ev
                0x000836a4       0x2c C:\Users\Flo\AppData\Local\Temp\VMBuilds\test_pendant\arduino_due_x_dbg\Debug\Keypad\Keypad.cpp.o
                0x000836a4                Keypad::Keypad()
                0x000836a4                Keypad::Keypad()
 .text._ZN6KeypadC2EPcPhS1_hh
                0x000836d0       0x6c C:\Users\Flo\AppData\Local\Temp\VMBuilds\test_pendant\arduino_due_x_dbg\Debug\Keypad\Keypad.cpp.o
                0x000836d0                Keypad::Keypad(char*, unsigned char*, unsigned char*, unsigned char, unsigned char)
                0x000836d0                Keypad::Keypad(char*, unsigned char*, unsigned char*, unsigned char, unsigned char)
 .text._ZN6Keypad8scanKeysEv
                0x0008373c       0xbe C:\Users\Flo\AppData\Local\Temp\VMBuilds\test_pendant\arduino_due_x_dbg\Debug\Keypad\Keypad.cpp.o
                0x0008373c                Keypad::scanKeys()
 .text._ZN6Keypad10findInListEi
                0x000837fa       0x1e C:\Users\Flo\AppData\Local\Temp\VMBuilds\test_pendant\arduino_due_x_dbg\Debug\Keypad\Keypad.cpp.o
                0x000837fa                Keypad::findInList(int)
 .text._ZN6Keypad12transitionToEh8KeyState
                0x00083818       0x30 C:\Users\Flo\AppData\Local\Temp\VMBuilds\test_pendant\arduino_due_x_dbg\Debug\Keypad\Keypad.cpp.o
                0x00083818                Keypad::transitionTo(unsigned char, KeyState)
 .text._ZN6Keypad12nextKeyStateEhb
                0x00083848       0x6c C:\Users\Flo\AppData\Local\Temp\VMBuilds\test_pendant\arduino_due_x_dbg\Debug\Keypad\Keypad.cpp.o
                0x00083848                Keypad::nextKeyState(unsigned char, bool)
 .text._ZN6Keypad10updateListEv
                0x000838b4       0xc6 C:\Users\Flo\AppData\Local\Temp\VMBuilds\test_pendant\arduino_due_x_dbg\Debug\Keypad\Keypad.cpp.o
                0x000838b4                Keypad::updateList()
 .text._ZN6Keypad7getKeysEv
                0x0008397a       0x34 C:\Users\Flo\AppData\Local\Temp\VMBuilds\test_pendant\arduino_due_x_dbg\Debug\Keypad\Keypad.cpp.o
                0x0008397a                Keypad::getKeys()
 .text._ZN6Keypad6getKeyEv
                0x000839ae       0x2c C:\Users\Flo\AppData\Local\Temp\VMBuilds\test_pendant\arduino_due_x_dbg\Debug\Keypad\Keypad.cpp.o
                0x000839ae                Keypad::getKey()
 .text._ZN3LCD15setBacklightPinEh13t_backlighPol
                0x000839da        0x2 C:\Users\Flo\AppData\Local\Temp\VMBuilds\test_pendant\arduino_due_x_dbg\Debug\LiquidCrystalDue\LCD.cpp.o
                0x000839da                LCD::setBacklightPin(unsigned char, t_backlighPol)
 .text._ZN3LCD12setBacklightEh
                0x000839dc        0x2 C:\Users\Flo\AppData\Local\Temp\VMBuilds\test_pendant\arduino_due_x_dbg\Debug\LiquidCrystalDue\LCD.cpp.o
                0x000839dc                LCD::setBacklight(unsigned char)
 .text._ZN3LCD5writeEh
                0x000839de        0xe C:\Users\Flo\AppData\Local\Temp\VMBuilds\test_pendant\arduino_due_x_dbg\Debug\LiquidCrystalDue\LCD.cpp.o
                0x000839de                LCD::write(unsigned char)
 .text._ZN3LCDC2Ev
                0x000839ec       0x10 C:\Users\Flo\AppData\Local\Temp\VMBuilds\test_pendant\arduino_due_x_dbg\Debug\LiquidCrystalDue\LCD.cpp.o
                0x000839ec                LCD::LCD()
                0x000839ec                LCD::LCD()
 .text._ZN3LCD9backlightEv
                0x000839fc        0xc C:\Users\Flo\AppData\Local\Temp\VMBuilds\test_pendant\arduino_due_x_dbg\Debug\LiquidCrystalDue\LCD.cpp.o
                0x000839fc                LCD::backlight()
 .text._ZN3LCD7commandEh
                0x00083a08        0xc C:\Users\Flo\AppData\Local\Temp\VMBuilds\test_pendant\arduino_due_x_dbg\Debug\LiquidCrystalDue\LCD.cpp.o
                0x00083a08                LCD::command(unsigned char)
 .text._ZN3LCD5clearEv
                0x00083a14       0x14 C:\Users\Flo\AppData\Local\Temp\VMBuilds\test_pendant\arduino_due_x_dbg\Debug\LiquidCrystalDue\LCD.cpp.o
                0x00083a14                LCD::clear()
 .text._ZN3LCD9setCursorEhh
                0x00083a28       0x4c C:\Users\Flo\AppData\Local\Temp\VMBuilds\test_pendant\arduino_due_x_dbg\Debug\LiquidCrystalDue\LCD.cpp.o
                0x00083a28                LCD::setCursor(unsigned char, unsigned char)
 .text._ZN3LCD7displayEv
                0x00083a74       0x10 C:\Users\Flo\AppData\Local\Temp\VMBuilds\test_pendant\arduino_due_x_dbg\Debug\LiquidCrystalDue\LCD.cpp.o
                0x00083a74                LCD::display()
 .text._ZN3LCD5beginEhhh
                0x00083a84       0xe4 C:\Users\Flo\AppData\Local\Temp\VMBuilds\test_pendant\arduino_due_x_dbg\Debug\LiquidCrystalDue\LCD.cpp.o
                0x00083a84                LCD::begin(unsigned char, unsigned char, unsigned char)
 .text._ZN3LCD10createCharEhPh
                0x00083b68       0x3c C:\Users\Flo\AppData\Local\Temp\VMBuilds\test_pendant\arduino_due_x_dbg\Debug\LiquidCrystalDue\LCD.cpp.o
                0x00083b68                LCD::createChar(unsigned char, unsigned char*)
 .text._ZN16LiquidCrystalDue4initEhhhhhhhhhhhh
                0x00083ba4       0xb6 C:\Users\Flo\AppData\Local\Temp\VMBuilds\test_pendant\arduino_due_x_dbg\Debug\LiquidCrystalDue\LiquidCrystalDue.cpp.o
                0x00083ba4                LiquidCrystalDue::init(unsigned char, unsigned char, unsigned char, unsigned char, unsigned char, unsigned char, unsigned char, unsigned char, unsigned char, unsigned char, unsigned char, unsigned char)
 *fill*         0x00083c5a        0x2 
 .text._ZN16LiquidCrystalDueC2Ehhhhhh
                0x00083c5c       0x4c C:\Users\Flo\AppData\Local\Temp\VMBuilds\test_pendant\arduino_due_x_dbg\Debug\LiquidCrystalDue\LiquidCrystalDue.cpp.o
                0x00083c5c                LiquidCrystalDue::LiquidCrystalDue(unsigned char, unsigned char, unsigned char, unsigned char, unsigned char, unsigned char)
                0x00083c5c                LiquidCrystalDue::LiquidCrystalDue(unsigned char, unsigned char, unsigned char, unsigned char, unsigned char, unsigned char)
 .text._ZN16LiquidCrystalDue11pulseEnableEv
                0x00083ca8       0x30 C:\Users\Flo\AppData\Local\Temp\VMBuilds\test_pendant\arduino_due_x_dbg\Debug\LiquidCrystalDue\LiquidCrystalDue.cpp.o
                0x00083ca8                LiquidCrystalDue::pulseEnable()
 .text._ZN16LiquidCrystalDue10writeNbitsEhh
                0x00083cd8       0x2e C:\Users\Flo\AppData\Local\Temp\VMBuilds\test_pendant\arduino_due_x_dbg\Debug\LiquidCrystalDue\LiquidCrystalDue.cpp.o
                0x00083cd8                LiquidCrystalDue::writeNbits(unsigned char, unsigned char)
 *fill*         0x00083d06        0x2 
 .text._ZN16LiquidCrystalDue18digitalWriteDirectEhb
                0x00083d08       0x20 C:\Users\Flo\AppData\Local\Temp\VMBuilds\test_pendant\arduino_due_x_dbg\Debug\LiquidCrystalDue\LiquidCrystalDue.cpp.o
                0x00083d08                LiquidCrystalDue::digitalWriteDirect(unsigned char, bool)
 .text._ZN16LiquidCrystalDue4sendEhh
                0x00083d28       0x56 C:\Users\Flo\AppData\Local\Temp\VMBuilds\test_pendant\arduino_due_x_dbg\Debug\LiquidCrystalDue\LiquidCrystalDue.cpp.o
                0x00083d28                LiquidCrystalDue::send(unsigned char, unsigned char)
 .text._Z11serialEventv
                0x00083d7e        0x2 C:\Users\Flo\AppData\Local\Temp\VMBuilds\test_pendant\arduino_due_x_dbg\Debug\variant\variant.cpp.o
                0x00083d7e                serialEvent()
 .text.UART_Handler
                0x00083d80        0xc C:\Users\Flo\AppData\Local\Temp\VMBuilds\test_pendant\arduino_due_x_dbg\Debug\variant\variant.cpp.o
                0x00083d80                UART_Handler
 .text._Z12serialEvent1v
                0x00083d8c        0x2 C:\Users\Flo\AppData\Local\Temp\VMBuilds\test_pendant\arduino_due_x_dbg\Debug\variant\variant.cpp.o
                0x00083d8c                serialEvent1()
 .text._Z12serialEvent2v
                0x00083d8e        0x2 C:\Users\Flo\AppData\Local\Temp\VMBuilds\test_pendant\arduino_due_x_dbg\Debug\variant\variant.cpp.o
                0x00083d8e                serialEvent2()
 .text._Z12serialEvent3v
                0x00083d90        0x2 C:\Users\Flo\AppData\Local\Temp\VMBuilds\test_pendant\arduino_due_x_dbg\Debug\variant\variant.cpp.o
                0x00083d90                serialEvent3()
 *fill*         0x00083d92        0x2 
 .text.USART0_Handler
                0x00083d94        0xc C:\Users\Flo\AppData\Local\Temp\VMBuilds\test_pendant\arduino_due_x_dbg\Debug\variant\variant.cpp.o
                0x00083d94                USART0_Handler
 .text.USART1_Handler
                0x00083da0        0xc C:\Users\Flo\AppData\Local\Temp\VMBuilds\test_pendant\arduino_due_x_dbg\Debug\variant\variant.cpp.o
                0x00083da0                USART1_Handler
 .text.USART3_Handler
                0x00083dac        0xc C:\Users\Flo\AppData\Local\Temp\VMBuilds\test_pendant\arduino_due_x_dbg\Debug\variant\variant.cpp.o
                0x00083dac                USART3_Handler
 .text.init     0x00083db8      0x128 C:\Users\Flo\AppData\Local\Temp\VMBuilds\test_pendant\arduino_due_x_dbg\Debug\variant\variant.cpp.o
                0x00083db8                init
 .text.startup._GLOBAL__sub_I_g_APinDescription
                0x00083ee0       0xd4 C:\Users\Flo\AppData\Local\Temp\VMBuilds\test_pendant\arduino_due_x_dbg\Debug\variant\variant.cpp.o
 .text._Z14serialEventRunv
                0x00083fb4       0x44 C:\Users\Flo\AppData\Local\Temp\VMBuilds\test_pendant\arduino_due_x_dbg\Debug\variant\variant.cpp.o
                0x00083fb4                serialEventRun()
 .text.PIO_PullUp
                0x00083ff8        0xa C:\Users\Flo\AppData\Local\arduino15\packages\arduino\hardware\sam\1.6.9\variants\arduino_due_x/libsam_sam3x8e_gcc_rel.a(pio.o)
                0x00083ff8                PIO_PullUp
 .text.PIO_Get  0x00084002       0x14 C:\Users\Flo\AppData\Local\arduino15\packages\arduino\hardware\sam\1.6.9\variants\arduino_due_x/libsam_sam3x8e_gcc_rel.a(pio.o)
                0x00084002                PIO_Get
 .text.PIO_SetPeripheral
                0x00084016       0x26 C:\Users\Flo\AppData\Local\arduino15\packages\arduino\hardware\sam\1.6.9\variants\arduino_due_x/libsam_sam3x8e_gcc_rel.a(pio.o)
                0x00084016                PIO_SetPeripheral
 .text.PIO_SetInput
                0x0008403c       0x26 C:\Users\Flo\AppData\Local\arduino15\packages\arduino\hardware\sam\1.6.9\variants\arduino_due_x/libsam_sam3x8e_gcc_rel.a(pio.o)
                0x0008403c                PIO_SetInput
 .text.PIO_SetOutput
                0x00084062       0x24 C:\Users\Flo\AppData\Local\arduino15\packages\arduino\hardware\sam\1.6.9\variants\arduino_due_x/libsam_sam3x8e_gcc_rel.a(pio.o)
                0x00084062                PIO_SetOutput
 *fill*         0x00084086        0x2 
 .text.PIO_Configure
                0x00084088       0x64 C:\Users\Flo\AppData\Local\arduino15\packages\arduino\hardware\sam\1.6.9\variants\arduino_due_x/libsam_sam3x8e_gcc_rel.a(pio.o)
                0x00084088                PIO_Configure
 .text.PIO_GetOutputDataStatus
                0x000840ec       0x14 C:\Users\Flo\AppData\Local\arduino15\packages\arduino\hardware\sam\1.6.9\variants\arduino_due_x/libsam_sam3x8e_gcc_rel.a(pio.o)
                0x000840ec                PIO_GetOutputDataStatus
 .text.pmc_enable_upll_clock
                0x00084100       0x14 C:\Users\Flo\AppData\Local\arduino15\packages\arduino\hardware\sam\1.6.9\variants\arduino_due_x/libsam_sam3x8e_gcc_rel.a(pmc.o)
                0x00084100                pmc_enable_upll_clock
 .text.pmc_enable_periph_clk
                0x00084114       0x44 C:\Users\Flo\AppData\Local\arduino15\packages\arduino\hardware\sam\1.6.9\variants\arduino_due_x/libsam_sam3x8e_gcc_rel.a(pmc.o)
                0x00084114                pmc_enable_periph_clk
 .text.pmc_disable_periph_clk
                0x00084158       0x40 C:\Users\Flo\AppData\Local\arduino15\packages\arduino\hardware\sam\1.6.9\variants\arduino_due_x/libsam_sam3x8e_gcc_rel.a(pmc.o)
                0x00084158                pmc_disable_periph_clk
 .text.pmc_switch_udpck_to_upllck
                0x00084198       0x14 C:\Users\Flo\AppData\Local\arduino15\packages\arduino\hardware\sam\1.6.9\variants\arduino_due_x/libsam_sam3x8e_gcc_rel.a(pmc.o)
                0x00084198                pmc_switch_udpck_to_upllck
 .text.pmc_enable_udpck
                0x000841ac        0xc C:\Users\Flo\AppData\Local\arduino15\packages\arduino\hardware\sam\1.6.9\variants\arduino_due_x/libsam_sam3x8e_gcc_rel.a(pmc.o)
                0x000841ac                pmc_enable_udpck
 .text.SPI_Enable
                0x000841b8        0x6 C:\Users\Flo\AppData\Local\arduino15\packages\arduino\hardware\sam\1.6.9\variants\arduino_due_x/libsam_sam3x8e_gcc_rel.a(spi.o)
                0x000841b8                SPI_Enable
 *fill*         0x000841be        0x2 
 .text.SPI_Configure
                0x000841c0       0x20 C:\Users\Flo\AppData\Local\arduino15\packages\arduino\hardware\sam\1.6.9\variants\arduino_due_x/libsam_sam3x8e_gcc_rel.a(spi.o)
                0x000841c0                SPI_Configure
 .text.SPI_ConfigureNPCS
                0x000841e0        0x8 C:\Users\Flo\AppData\Local\arduino15\packages\arduino\hardware\sam\1.6.9\variants\arduino_due_x/libsam_sam3x8e_gcc_rel.a(spi.o)
                0x000841e0                SPI_ConfigureNPCS
 .text.SystemInit
                0x000841e8       0x88 C:\Users\Flo\AppData\Local\arduino15\packages\arduino\hardware\sam\1.6.9\variants\arduino_due_x/libsam_sam3x8e_gcc_rel.a(system_sam3xa.o)
                0x000841e8                SystemInit
 .text.Reset_Handler
                0x00084270       0x78 C:\Users\Flo\AppData\Local\arduino15\packages\arduino\hardware\sam\1.6.9\variants\arduino_due_x/libsam_sam3x8e_gcc_rel.a(startup_sam3xa.o)
                0x00084270                Reset_Handler
 .text.adc_init
                0x000842e8       0x98 C:\Users\Flo\AppData\Local\arduino15\packages\arduino\hardware\sam\1.6.9\variants\arduino_due_x/libsam_sam3x8e_gcc_rel.a(adc.o)
                0x000842e8                adc_init
 .text.adc_configure_trigger
                0x00084380        0xe C:\Users\Flo\AppData\Local\arduino15\packages\arduino\hardware\sam\1.6.9\variants\arduino_due_x/libsam_sam3x8e_gcc_rel.a(adc.o)
                0x00084380                adc_configure_trigger
 .text.adc_configure_timing
                0x0008438e       0x1a C:\Users\Flo\AppData\Local\arduino15\packages\arduino\hardware\sam\1.6.9\variants\arduino_due_x/libsam_sam3x8e_gcc_rel.a(adc.o)
                0x0008438e                adc_configure_timing
 .text.adc_disable_channel
                0x000843a8        0xa C:\Users\Flo\AppData\Local\arduino15\packages\arduino\hardware\sam\1.6.9\variants\arduino_due_x/libsam_sam3x8e_gcc_rel.a(adc.o)
                0x000843a8                adc_disable_channel
 .text.adc_disable_all_channel
                0x000843b2        0x8 C:\Users\Flo\AppData\Local\arduino15\packages\arduino\hardware\sam\1.6.9\variants\arduino_due_x/libsam_sam3x8e_gcc_rel.a(adc.o)
                0x000843b2                adc_disable_all_channel
 .text.adc_disable_interrupt
                0x000843ba        0x4 C:\Users\Flo\AppData\Local\arduino15\packages\arduino\hardware\sam\1.6.9\variants\arduino_due_x/libsam_sam3x8e_gcc_rel.a(adc.o)
                0x000843ba                adc_disable_interrupt
 *fill*         0x000843be        0x2 
 .text.UOTGHS_Handler
                0x000843c0       0x10 C:\Users\Flo\AppData\Local\arduino15\packages\arduino\hardware\sam\1.6.9\variants\arduino_due_x/libsam_sam3x8e_gcc_rel.a(uotghs.o)
                0x000843c0                UOTGHS_Handler
 .text.__halt   0x000843d0        0x2 C:\Users\Flo\AppData\Local\Temp\VMBuilds\test_pendant\arduino_due_x_dbg\Debug/core.a(cortex_handlers.c.o)
                0x000843d0                DACC_Handler
                0x000843d0                DebugMon_Handler
                0x000843d0                DMAC_Handler
                0x000843d0                TRNG_Handler
                0x000843d0                HardFault_Handler
                0x000843d0                TC2_Handler
                0x000843d0                TWI1_Handler
                0x000843d0                NMI_Handler
                0x000843d0                TC7_Handler
                0x000843d0                ADC_Handler
                0x000843d0                SMC_Handler
                0x000843d0                RTT_Handler
                0x000843d0                EFC1_Handler
                0x000843d0                RTC_Handler
                0x000843d0                UsageFault_Handler
                0x000843d0                TC6_Handler
                0x000843d0                WDT_Handler
                0x000843d0                CAN0_Handler
                0x000843d0                TC4_Handler
                0x000843d0                TC1_Handler
                0x000843d0                HSMCI_Handler
                0x000843d0                TC3_Handler
                0x000843d0                TWI0_Handler
                0x000843d0                SSC_Handler
                0x000843d0                EFC0_Handler
                0x000843d0                PMC_Handler
                0x000843d0                PWM_Handler
                0x000843d0                CAN1_Handler
                0x000843d0                MemManage_Handler
                0x000843d0                SUPC_Handler
                0x000843d0                TC8_Handler
                0x000843d0                USART2_Handler
                0x000843d0                EMAC_Handler
                0x000843d0                BusFault_Handler
                0x000843d0                RSTC_Handler
                0x000843d0                TC0_Handler
                0x000843d0                TC5_Handler
                0x000843d0                SPI0_Handler
 .text.SVC_Handler
                0x000843d2        0x4 C:\Users\Flo\AppData\Local\Temp\VMBuilds\test_pendant\arduino_due_x_dbg\Debug/core.a(cortex_handlers.c.o)
                0x000843d2                SVC_Handler
 .text.PendSV_Handler
                0x000843d6        0x4 C:\Users\Flo\AppData\Local\Temp\VMBuilds\test_pendant\arduino_due_x_dbg\Debug/core.a(cortex_handlers.c.o)
                0x000843d6                PendSV_Handler
 .text.SysTick_Handler
                0x000843da       0x16 C:\Users\Flo\AppData\Local\Temp\VMBuilds\test_pendant\arduino_due_x_dbg\Debug/core.a(cortex_handlers.c.o)
                0x000843da                SysTick_Handler
 .text.__empty  0x000843f0        0x2 C:\Users\Flo\AppData\Local\Temp\VMBuilds\test_pendant\arduino_due_x_dbg\Debug/core.a(hooks.c.o)
                0x000843f0                yield
 .text.__false  0x000843f2        0x4 C:\Users\Flo\AppData\Local\Temp\VMBuilds\test_pendant\arduino_due_x_dbg\Debug/core.a(hooks.c.o)
                0x000843f2                sysTickHook
 .text.__halt   0x000843f6        0x2 C:\Users\Flo\AppData\Local\Temp\VMBuilds\test_pendant\arduino_due_x_dbg\Debug/core.a(hooks.c.o)
                0x000843f6                svcHook
                0x000843f6                pendSVHook
 .text._sbrk    0x000843f8       0x1c C:\Users\Flo\AppData\Local\Temp\VMBuilds\test_pendant\arduino_due_x_dbg\Debug/core.a(syscalls_sam3.c.o)
                0x000843f8                _sbrk
 .text.link     0x00084414        0x6 C:\Users\Flo\AppData\Local\Temp\VMBuilds\test_pendant\arduino_due_x_dbg\Debug/core.a(syscalls_sam3.c.o)
                0x00084414                link
 .text._close   0x0008441a        0x6 C:\Users\Flo\AppData\Local\Temp\VMBuilds\test_pendant\arduino_due_x_dbg\Debug/core.a(syscalls_sam3.c.o)
                0x0008441a                _close
 .text._fstat   0x00084420        0xa C:\Users\Flo\AppData\Local\Temp\VMBuilds\test_pendant\arduino_due_x_dbg\Debug/core.a(syscalls_sam3.c.o)
                0x00084420                _fstat
 .text._isatty  0x0008442a        0x4 C:\Users\Flo\AppData\Local\Temp\VMBuilds\test_pendant\arduino_due_x_dbg\Debug/core.a(syscalls_sam3.c.o)
                0x0008442a                _isatty
 .text._lseek   0x0008442e        0x4 C:\Users\Flo\AppData\Local\Temp\VMBuilds\test_pendant\arduino_due_x_dbg\Debug/core.a(syscalls_sam3.c.o)
                0x0008442e                _lseek
 .text._read    0x00084432        0x4 C:\Users\Flo\AppData\Local\Temp\VMBuilds\test_pendant\arduino_due_x_dbg\Debug/core.a(syscalls_sam3.c.o)
                0x00084432                _read
 *fill*         0x00084436        0x2 
 .text._write   0x00084438       0x24 C:\Users\Flo\AppData\Local\Temp\VMBuilds\test_pendant\arduino_due_x_dbg\Debug/core.a(syscalls_sam3.c.o)
                0x00084438                _write
 .text._exit    0x0008445c       0x10 C:\Users\Flo\AppData\Local\Temp\VMBuilds\test_pendant\arduino_due_x_dbg\Debug/core.a(syscalls_sam3.c.o)
                0x0008445c                _exit
 .text._kill    0x0008446c        0x2 C:\Users\Flo\AppData\Local\Temp\VMBuilds\test_pendant\arduino_due_x_dbg\Debug/core.a(syscalls_sam3.c.o)
                0x0008446c                _kill
 .text._getpid  0x0008446e        0x6 C:\Users\Flo\AppData\Local\Temp\VMBuilds\test_pendant\arduino_due_x_dbg\Debug/core.a(syscalls_sam3.c.o)
                0x0008446e                _getpid
 .text.attachInterrupt
                0x00084474      0x148 C:\Users\Flo\AppData\Local\Temp\VMBuilds\test_pendant\arduino_due_x_dbg\Debug/core.a(WInterrupts.c.o)
                0x00084474                attachInterrupt
 .text.PIOA_Handler
                0x000845bc       0x38 C:\Users\Flo\AppData\Local\Temp\VMBuilds\test_pendant\arduino_due_x_dbg\Debug/core.a(WInterrupts.c.o)
                0x000845bc                PIOA_Handler
 .text.PIOB_Handler
                0x000845f4       0x38 C:\Users\Flo\AppData\Local\Temp\VMBuilds\test_pendant\arduino_due_x_dbg\Debug/core.a(WInterrupts.c.o)
                0x000845f4                PIOB_Handler
 .text.PIOC_Handler
                0x0008462c       0x38 C:\Users\Flo\AppData\Local\Temp\VMBuilds\test_pendant\arduino_due_x_dbg\Debug/core.a(WInterrupts.c.o)
                0x0008462c                PIOC_Handler
 .text.PIOD_Handler
                0x00084664       0x38 C:\Users\Flo\AppData\Local\Temp\VMBuilds\test_pendant\arduino_due_x_dbg\Debug/core.a(WInterrupts.c.o)
                0x00084664                PIOD_Handler
 .text.millis   0x0008469c        0x4 C:\Users\Flo\AppData\Local\Temp\VMBuilds\test_pendant\arduino_due_x_dbg\Debug/core.a(wiring.c.o)
                0x0008469c                millis
 .text.delay    0x000846a0       0x1c C:\Users\Flo\AppData\Local\Temp\VMBuilds\test_pendant\arduino_due_x_dbg\Debug/core.a(wiring.c.o)
                0x000846a0                delay
 .text.mapResolution
                0x000846bc       0x12 C:\Users\Flo\AppData\Local\Temp\VMBuilds\test_pendant\arduino_due_x_dbg\Debug/core.a(wiring_analog.c.o)
 .text.analogOutputInit
                0x000846ce        0x2 C:\Users\Flo\AppData\Local\Temp\VMBuilds\test_pendant\arduino_due_x_dbg\Debug/core.a(wiring_analog.c.o)
                0x000846ce                analogOutputInit
 .text.analogWrite
                0x000846d0      0x2c0 C:\Users\Flo\AppData\Local\Temp\VMBuilds\test_pendant\arduino_due_x_dbg\Debug/core.a(wiring_analog.c.o)
                0x000846d0                analogWrite
 .text.pinMode  0x00084990      0x108 C:\Users\Flo\AppData\Local\Temp\VMBuilds\test_pendant\arduino_due_x_dbg\Debug/core.a(wiring_digital.c.o)
                0x00084990                pinMode
 .text.digitalWrite
                0x00084a98       0x70 C:\Users\Flo\AppData\Local\Temp\VMBuilds\test_pendant\arduino_due_x_dbg\Debug/core.a(wiring_digital.c.o)
                0x00084a98                digitalWrite
 .text.digitalRead
                0x00084b08       0x44 C:\Users\Flo\AppData\Local\Temp\VMBuilds\test_pendant\arduino_due_x_dbg\Debug/core.a(wiring_digital.c.o)
                0x00084b08                digitalRead
 .text.__cxa_pure_virtual
                0x00084b4c        0x2 C:\Users\Flo\AppData\Local\Temp\VMBuilds\test_pendant\arduino_due_x_dbg\Debug/core.a(abi.cpp.o)
                0x00084b4c                __cxa_pure_virtual
 .text.initVariant
                0x00084b4e        0x2 C:\Users\Flo\AppData\Local\Temp\VMBuilds\test_pendant\arduino_due_x_dbg\Debug/core.a(main.cpp.o)
                0x00084b4e                initVariant
 .text.startup.main
                0x00084b50       0x38 C:\Users\Flo\AppData\Local\Temp\VMBuilds\test_pendant\arduino_due_x_dbg\Debug/core.a(main.cpp.o)
                0x00084b50                main
 .text._Znwj    0x00084b88        0x4 C:\Users\Flo\AppData\Local\Temp\VMBuilds\test_pendant\arduino_due_x_dbg\Debug/core.a(new.cpp.o)
                0x00084b88                operator new(unsigned int)
 .text._ZdlPv   0x00084b8c        0x4 C:\Users\Flo\AppData\Local\Temp\VMBuilds\test_pendant\arduino_due_x_dbg\Debug/core.a(new.cpp.o)
                0x00084b8c                operator delete(void*)
 .text._ZN5Print5writeEPKhj
                0x00084b90       0x22 C:\Users\Flo\AppData\Local\Temp\VMBuilds\test_pendant\arduino_due_x_dbg\Debug/core.a(Print.cpp.o)
                0x00084b90                Print::write(unsigned char const*, unsigned int)
 .text._ZN5Print5writeEPKc
                0x00084bb2       0x1e C:\Users\Flo\AppData\Local\Temp\VMBuilds\test_pendant\arduino_due_x_dbg\Debug/core.a(Print.cpp.o)
                0x00084bb2                Print::write(char const*)
 .text._ZN5Print5printERK6String
                0x00084bd0       0x10 C:\Users\Flo\AppData\Local\Temp\VMBuilds\test_pendant\arduino_due_x_dbg\Debug/core.a(Print.cpp.o)
                0x00084bd0                Print::print(String const&)
 .text._ZN5Print5printEPKc
                0x00084be0        0x8 C:\Users\Flo\AppData\Local\Temp\VMBuilds\test_pendant\arduino_due_x_dbg\Debug/core.a(Print.cpp.o)
                0x00084be0                Print::print(char const*)
 .text._ZN5Print5printEc
                0x00084be8        0xa C:\Users\Flo\AppData\Local\Temp\VMBuilds\test_pendant\arduino_due_x_dbg\Debug/core.a(Print.cpp.o)
                0x00084be8                Print::print(char)
 *fill*         0x00084bf2        0x2 
 .text._ZN5Print7printlnEv
                0x00084bf4       0x10 C:\Users\Flo\AppData\Local\Temp\VMBuilds\test_pendant\arduino_due_x_dbg\Debug/core.a(Print.cpp.o)
                0x00084bf4                Print::println()
 .text._ZN5Print7printlnERK6String
                0x00084c04       0x14 C:\Users\Flo\AppData\Local\Temp\VMBuilds\test_pendant\arduino_due_x_dbg\Debug/core.a(Print.cpp.o)
                0x00084c04                Print::println(String const&)
 .text._ZN5Print7printlnEPKc
                0x00084c18       0x14 C:\Users\Flo\AppData\Local\Temp\VMBuilds\test_pendant\arduino_due_x_dbg\Debug/core.a(Print.cpp.o)
                0x00084c18                Print::println(char const*)
 .text._ZN5Print11printNumberEmh
                0x00084c2c       0x3e C:\Users\Flo\AppData\Local\Temp\VMBuilds\test_pendant\arduino_due_x_dbg\Debug/core.a(Print.cpp.o)
                0x00084c2c                Print::printNumber(unsigned long, unsigned char)
 .text._ZN5Print5printEli
                0x00084c6a       0x3c C:\Users\Flo\AppData\Local\Temp\VMBuilds\test_pendant\arduino_due_x_dbg\Debug/core.a(Print.cpp.o)
                0x00084c6a                Print::print(long, int)
 .text._ZN5Print5printEii
                0x00084ca6        0x4 C:\Users\Flo\AppData\Local\Temp\VMBuilds\test_pendant\arduino_due_x_dbg\Debug/core.a(Print.cpp.o)
                0x00084ca6                Print::print(int, int)
 .text._ZN5Print7printlnEii
                0x00084caa       0x14 C:\Users\Flo\AppData\Local\Temp\VMBuilds\test_pendant\arduino_due_x_dbg\Debug/core.a(Print.cpp.o)
                0x00084caa                Print::println(int, int)
 *fill*         0x00084cbe        0x2 
 .text.initiateReset
                0x00084cc0        0xc C:\Users\Flo\AppData\Local\Temp\VMBuilds\test_pendant\arduino_due_x_dbg\Debug/core.a(Reset.cpp.o)
                0x00084cc0                initiateReset
 .text.cancelReset
                0x00084ccc       0x10 C:\Users\Flo\AppData\Local\Temp\VMBuilds\test_pendant\arduino_due_x_dbg\Debug/core.a(Reset.cpp.o)
                0x00084ccc                cancelReset
 .text.tickReset
                0x00084cdc       0x20 C:\Users\Flo\AppData\Local\Temp\VMBuilds\test_pendant\arduino_due_x_dbg\Debug/core.a(Reset.cpp.o)
                0x00084cdc                tickReset
 .text._ZN10RingBufferC2Ev
                0x00084cfc       0x1a C:\Users\Flo\AppData\Local\Temp\VMBuilds\test_pendant\arduino_due_x_dbg\Debug/core.a(RingBuffer.cpp.o)
                0x00084cfc                RingBuffer::RingBuffer()
                0x00084cfc                RingBuffer::RingBuffer()
 .text._ZN10RingBuffer10store_charEh
                0x00084d16       0x1e C:\Users\Flo\AppData\Local\Temp\VMBuilds\test_pendant\arduino_due_x_dbg\Debug/core.a(RingBuffer.cpp.o)
                0x00084d16                RingBuffer::store_char(unsigned char)
 .text._ZN9UARTClasscvbEv
                0x00084d34        0x4 C:\Users\Flo\AppData\Local\Temp\VMBuilds\test_pendant\arduino_due_x_dbg\Debug/core.a(UARTClass.cpp.o)
                0x00084d34                UARTClass::operator bool()
 .text._ZN9UARTClass9availableEv
                0x00084d38       0x12 C:\Users\Flo\AppData\Local\Temp\VMBuilds\test_pendant\arduino_due_x_dbg\Debug/core.a(UARTClass.cpp.o)
                0x00084d38                UARTClass::available()
 .text._ZN9UARTClass4peekEv
                0x00084d4a       0x1c C:\Users\Flo\AppData\Local\Temp\VMBuilds\test_pendant\arduino_due_x_dbg\Debug/core.a(UARTClass.cpp.o)
                0x00084d4a                UARTClass::peek()
 .text._ZN9UARTClass4readEv
                0x00084d66       0x2a C:\Users\Flo\AppData\Local\Temp\VMBuilds\test_pendant\arduino_due_x_dbg\Debug/core.a(UARTClass.cpp.o)
                0x00084d66                UARTClass::read()
 .text._ZN9UARTClass5flushEv
                0x00084d90       0x18 C:\Users\Flo\AppData\Local\Temp\VMBuilds\test_pendant\arduino_due_x_dbg\Debug/core.a(UARTClass.cpp.o)
                0x00084d90                UARTClass::flush()
 .text._ZN9UARTClass5writeEh
                0x00084da8       0x54 C:\Users\Flo\AppData\Local\Temp\VMBuilds\test_pendant\arduino_due_x_dbg\Debug/core.a(UARTClass.cpp.o)
                0x00084da8                UARTClass::write(unsigned char)
 .text._ZN9UARTClass3endEv
                0x00084dfc       0x3c C:\Users\Flo\AppData\Local\Temp\VMBuilds\test_pendant\arduino_due_x_dbg\Debug/core.a(UARTClass.cpp.o)
                0x00084dfc                UARTClass::end()
 .text._ZN9UARTClassC2EP4Uart4IRQnmP10RingBufferS4_
                0x00084e38       0x24 C:\Users\Flo\AppData\Local\Temp\VMBuilds\test_pendant\arduino_due_x_dbg\Debug/core.a(UARTClass.cpp.o)
                0x00084e38                UARTClass::UARTClass(Uart*, IRQn, unsigned long, RingBuffer*, RingBuffer*)
                0x00084e38                UARTClass::UARTClass(Uart*, IRQn, unsigned long, RingBuffer*, RingBuffer*)
 .text._ZN9UARTClass4initEmm
                0x00084e5c       0x70 C:\Users\Flo\AppData\Local\Temp\VMBuilds\test_pendant\arduino_due_x_dbg\Debug/core.a(UARTClass.cpp.o)
                0x00084e5c                UARTClass::init(unsigned long, unsigned long)
 .text._ZN9UARTClass5beginEm
                0x00084ecc        0x8 C:\Users\Flo\AppData\Local\Temp\VMBuilds\test_pendant\arduino_due_x_dbg\Debug/core.a(UARTClass.cpp.o)
                0x00084ecc                UARTClass::begin(unsigned long)
 .text._ZN9UARTClass10IrqHandlerEv
                0x00084ed4       0x5a C:\Users\Flo\AppData\Local\Temp\VMBuilds\test_pendant\arduino_due_x_dbg\Debug/core.a(UARTClass.cpp.o)
                0x00084ed4                UARTClass::IrqHandler()
 .text._ZN10USARTClass5beginEm
                0x00084f2e        0x8 C:\Users\Flo\AppData\Local\Temp\VMBuilds\test_pendant\arduino_due_x_dbg\Debug/core.a(USARTClass.cpp.o)
                0x00084f2e                USARTClass::begin(unsigned long)
 *fill*         0x00084f36        0x2 
 .text._ZN10USARTClassC2EP5Usart4IRQnmP10RingBufferS4_
                0x00084f38       0x24 C:\Users\Flo\AppData\Local\Temp\VMBuilds\test_pendant\arduino_due_x_dbg\Debug/core.a(USARTClass.cpp.o)
                0x00084f38                USARTClass::USARTClass(Usart*, IRQn, unsigned long, RingBuffer*, RingBuffer*)
                0x00084f38                USARTClass::USARTClass(Usart*, IRQn, unsigned long, RingBuffer*, RingBuffer*)
 .text._watchdogDefaultSetup
                0x00084f5c        0xc C:\Users\Flo\AppData\Local\Temp\VMBuilds\test_pendant\arduino_due_x_dbg\Debug/core.a(watchdog.cpp.o)
                0x00084f5c                _watchdogDefaultSetup
                0x00084f5c                watchdogSetup()
 .text._ZNK6String14StringIfHelperEv
                0x00084f68        0x2 C:\Users\Flo\AppData\Local\Temp\VMBuilds\test_pendant\arduino_due_x_dbg\Debug/core.a(WString.cpp.o)
                0x00084f68                String::StringIfHelper() const
 .text._ZN6StringC2EOS_
                0x00084f6a       0x1e C:\Users\Flo\AppData\Local\Temp\VMBuilds\test_pendant\arduino_due_x_dbg\Debug/core.a(WString.cpp.o)
                0x00084f6a                String::String(String&&)
                0x00084f6a                String::String(String&&)
 .text._ZN6StringD2Ev
                0x00084f88        0xe C:\Users\Flo\AppData\Local\Temp\VMBuilds\test_pendant\arduino_due_x_dbg\Debug/core.a(WString.cpp.o)
                0x00084f88                String::~String()
                0x00084f88                String::~String()
 .text._ZN6String10invalidateEv
                0x00084f96       0x16 C:\Users\Flo\AppData\Local\Temp\VMBuilds\test_pendant\arduino_due_x_dbg\Debug/core.a(WString.cpp.o)
                0x00084f96                String::invalidate()
 .text._ZN6String12changeBufferEj
                0x00084fac       0x18 C:\Users\Flo\AppData\Local\Temp\VMBuilds\test_pendant\arduino_due_x_dbg\Debug/core.a(WString.cpp.o)
                0x00084fac                String::changeBuffer(unsigned int)
 .text._ZN6String7reserveEj
                0x00084fc4       0x22 C:\Users\Flo\AppData\Local\Temp\VMBuilds\test_pendant\arduino_due_x_dbg\Debug/core.a(WString.cpp.o)
                0x00084fc4                String::reserve(unsigned int)
 .text._ZN6String4copyEPKcj
                0x00084fe6       0x26 C:\Users\Flo\AppData\Local\Temp\VMBuilds\test_pendant\arduino_due_x_dbg\Debug/core.a(WString.cpp.o)
                0x00084fe6                String::copy(char const*, unsigned int)
 .text._ZN6StringC2EPKc
                0x0008500c       0x24 C:\Users\Flo\AppData\Local\Temp\VMBuilds\test_pendant\arduino_due_x_dbg\Debug/core.a(WString.cpp.o)
                0x0008500c                String::String(char const*)
                0x0008500c                String::String(char const*)
 .text._ZN6String4moveERS_
                0x00085030       0x44 C:\Users\Flo\AppData\Local\Temp\VMBuilds\test_pendant\arduino_due_x_dbg\Debug/core.a(WString.cpp.o)
                0x00085030                String::move(String&)
 .text._ZN6StringaSERKS_
                0x00085074       0x1e C:\Users\Flo\AppData\Local\Temp\VMBuilds\test_pendant\arduino_due_x_dbg\Debug/core.a(WString.cpp.o)
                0x00085074                String::operator=(String const&)
 .text._ZN6StringC2ERKS_
                0x00085092       0x14 C:\Users\Flo\AppData\Local\Temp\VMBuilds\test_pendant\arduino_due_x_dbg\Debug/core.a(WString.cpp.o)
                0x00085092                String::String(String const&)
                0x00085092                String::String(String const&)
 .text._ZN6StringaSEOS_
                0x000850a6       0x10 C:\Users\Flo\AppData\Local\Temp\VMBuilds\test_pendant\arduino_due_x_dbg\Debug/core.a(WString.cpp.o)
                0x000850a6                String::operator=(String&&)
 .text._ZN6StringaSEPKc
                0x000850b6       0x22 C:\Users\Flo\AppData\Local\Temp\VMBuilds\test_pendant\arduino_due_x_dbg\Debug/core.a(WString.cpp.o)
                0x000850b6                String::operator=(char const*)
 .text._ZN6StringC2Eih
                0x000850d8       0x24 C:\Users\Flo\AppData\Local\Temp\VMBuilds\test_pendant\arduino_due_x_dbg\Debug/core.a(WString.cpp.o)
                0x000850d8                String::String(int, unsigned char)
                0x000850d8                String::String(int, unsigned char)
 .text._ZN6StringC2Emh
                0x000850fc       0x24 C:\Users\Flo\AppData\Local\Temp\VMBuilds\test_pendant\arduino_due_x_dbg\Debug/core.a(WString.cpp.o)
                0x000850fc                String::String(unsigned long, unsigned char)
                0x000850fc                String::String(unsigned long, unsigned char)
 .text._ZN6String6concatEPKcj
                0x00085120       0x2e C:\Users\Flo\AppData\Local\Temp\VMBuilds\test_pendant\arduino_due_x_dbg\Debug/core.a(WString.cpp.o)
                0x00085120                String::concat(char const*, unsigned int)
 .text._ZN6String6concatEc
                0x0008514e       0x1a C:\Users\Flo\AppData\Local\Temp\VMBuilds\test_pendant\arduino_due_x_dbg\Debug/core.a(WString.cpp.o)
                0x0008514e                String::concat(char)
 .text._ZN6String6concatEf
                0x00085168       0x2c C:\Users\Flo\AppData\Local\Temp\VMBuilds\test_pendant\arduino_due_x_dbg\Debug/core.a(WString.cpp.o)
                0x00085168                String::concat(float)
 .text._ZplRK15StringSumHelperRK6String
                0x00085194       0x1a C:\Users\Flo\AppData\Local\Temp\VMBuilds\test_pendant\arduino_due_x_dbg\Debug/core.a(WString.cpp.o)
                0x00085194                operator+(StringSumHelper const&, String const&)
 .text._ZplRK15StringSumHelperPKc
                0x000851ae       0x24 C:\Users\Flo\AppData\Local\Temp\VMBuilds\test_pendant\arduino_due_x_dbg\Debug/core.a(WString.cpp.o)
                0x000851ae                operator+(StringSumHelper const&, char const*)
 .text._ZplRK15StringSumHelperc
                0x000851d2       0x14 C:\Users\Flo\AppData\Local\Temp\VMBuilds\test_pendant\arduino_due_x_dbg\Debug/core.a(WString.cpp.o)
                0x000851d2                operator+(StringSumHelper const&, char)
 .text._ZplRK15StringSumHelperf
                0x000851e6       0x14 C:\Users\Flo\AppData\Local\Temp\VMBuilds\test_pendant\arduino_due_x_dbg\Debug/core.a(WString.cpp.o)
                0x000851e6                operator+(StringSumHelper const&, float)
 .text._ZNK6String6equalsEPKc
                0x000851fa       0x26 C:\Users\Flo\AppData\Local\Temp\VMBuilds\test_pendant\arduino_due_x_dbg\Debug/core.a(WString.cpp.o)
                0x000851fa                String::equals(char const*) const
 .text._ZNK6String10startsWithERKS_j
                0x00085220       0x2e C:\Users\Flo\AppData\Local\Temp\VMBuilds\test_pendant\arduino_due_x_dbg\Debug/core.a(WString.cpp.o)
                0x00085220                String::startsWith(String const&, unsigned int) const
 .text._ZNK6String10startsWithERKS_
                0x0008524e       0x12 C:\Users\Flo\AppData\Local\Temp\VMBuilds\test_pendant\arduino_due_x_dbg\Debug/core.a(WString.cpp.o)
                0x0008524e                String::startsWith(String const&) const
 .text._ZNK6String8endsWithERKS_
                0x00085260       0x2c C:\Users\Flo\AppData\Local\Temp\VMBuilds\test_pendant\arduino_due_x_dbg\Debug/core.a(WString.cpp.o)
                0x00085260                String::endsWith(String const&) const
 .text._ZNK6StringixEj
                0x0008528c       0x12 C:\Users\Flo\AppData\Local\Temp\VMBuilds\test_pendant\arduino_due_x_dbg\Debug/core.a(WString.cpp.o)
                0x0008528c                String::operator[](unsigned int) const
 .text._ZNK6String6charAtEj
                0x0008529e        0x4 C:\Users\Flo\AppData\Local\Temp\VMBuilds\test_pendant\arduino_due_x_dbg\Debug/core.a(WString.cpp.o)
                0x0008529e                String::charAt(unsigned int) const
 .text._ZNK6String11lastIndexOfEcj
                0x000852a2       0x2e C:\Users\Flo\AppData\Local\Temp\VMBuilds\test_pendant\arduino_due_x_dbg\Debug/core.a(WString.cpp.o)
                0x000852a2                String::lastIndexOf(char, unsigned int) const
 .text._ZNK6String9substringEjj
                0x000852d0       0x4c C:\Users\Flo\AppData\Local\Temp\VMBuilds\test_pendant\arduino_due_x_dbg\Debug/core.a(WString.cpp.o)
                0x000852d0                String::substring(unsigned int, unsigned int) const
 .text._ZN6String7replaceEcc
                0x0008531c       0x16 C:\Users\Flo\AppData\Local\Temp\VMBuilds\test_pendant\arduino_due_x_dbg\Debug/core.a(WString.cpp.o)
                0x0008531c                String::replace(char, char)
 .text._ZN6String6removeEjj
                0x00085332       0x32 C:\Users\Flo\AppData\Local\Temp\VMBuilds\test_pendant\arduino_due_x_dbg\Debug/core.a(WString.cpp.o)
                0x00085332                String::remove(unsigned int, unsigned int)
 .text._ZN6String6removeEj
                0x00085364        0x8 C:\Users\Flo\AppData\Local\Temp\VMBuilds\test_pendant\arduino_due_x_dbg\Debug/core.a(WString.cpp.o)
                0x00085364                String::remove(unsigned int)
 .text.unlikely._ZL11USB_SendZlpv
                0x0008536c       0x20 C:\Users\Flo\AppData\Local\Temp\VMBuilds\test_pendant\arduino_due_x_dbg\Debug/core.a(USBCore.cpp.o)
 .text._Z14USBD_Availablem
                0x0008538c       0x2c C:\Users\Flo\AppData\Local\Temp\VMBuilds\test_pendant\arduino_due_x_dbg\Debug/core.a(USBCore.cpp.o)
                0x0008538c                USBD_Available(unsigned long)
 .text._Z9USBD_RecvmPvm
                0x000853b8       0x7c C:\Users\Flo\AppData\Local\Temp\VMBuilds\test_pendant\arduino_due_x_dbg\Debug/core.a(USBCore.cpp.o)
                0x000853b8                USBD_Recv(unsigned long, void*, unsigned long)
 .text._Z9USBD_Recvm
                0x00085434       0x22 C:\Users\Flo\AppData\Local\Temp\VMBuilds\test_pendant\arduino_due_x_dbg\Debug/core.a(USBCore.cpp.o)
                0x00085434                USBD_Recv(unsigned long)
 *fill*         0x00085456        0x2 
 .text._Z9USBD_SendmPKvm
                0x00085458       0x4c C:\Users\Flo\AppData\Local\Temp\VMBuilds\test_pendant\arduino_due_x_dbg\Debug/core.a(USBCore.cpp.o)
                0x00085458                USBD_Send(unsigned long, void const*, unsigned long)
 .text._Z16USBD_SendControlhPKvm
                0x000854a4       0x40 C:\Users\Flo\AppData\Local\Temp\VMBuilds\test_pendant\arduino_due_x_dbg\Debug/core.a(USBCore.cpp.o)
                0x000854a4                USBD_SendControl(unsigned char, void const*, unsigned long)
 .text.unlikely._ZL24USB_SendStringDescriptorPKhi
                0x000854e4       0x64 C:\Users\Flo\AppData\Local\Temp\VMBuilds\test_pendant\arduino_due_x_dbg\Debug/core.a(USBCore.cpp.o)
 .text._Z16USBD_RecvControlPvm
                0x00085548       0x1c C:\Users\Flo\AppData\Local\Temp\VMBuilds\test_pendant\arduino_due_x_dbg\Debug/core.a(USBCore.cpp.o)
                0x00085548                USBD_RecvControl(void*, unsigned long)
 .text._Z26USBD_ClassInterfaceRequestR8USBSetup
                0x00085564       0x1e C:\Users\Flo\AppData\Local\Temp\VMBuilds\test_pendant\arduino_due_x_dbg\Debug/core.a(USBCore.cpp.o)
                0x00085564                USBD_ClassInterfaceRequest(USBSetup&)
 .text._Z19USBD_SendInterfacesv
                0x00085582       0x22 C:\Users\Flo\AppData\Local\Temp\VMBuilds\test_pendant\arduino_due_x_dbg\Debug/core.a(USBCore.cpp.o)
                0x00085582                USBD_SendInterfaces()
 .text._Z24USBD_SendOtherInterfacesv
                0x000855a4       0x22 C:\Users\Flo\AppData\Local\Temp\VMBuilds\test_pendant\arduino_due_x_dbg\Debug/core.a(USBCore.cpp.o)
                0x000855a4                USBD_SendOtherInterfaces()
 .text._Z10USBD_Flushm
                0x000855c6       0x16 C:\Users\Flo\AppData\Local\Temp\VMBuilds\test_pendant\arduino_due_x_dbg\Debug/core.a(USBCore.cpp.o)
                0x000855c6                USBD_Flush(unsigned long)
 .text._ZN10USBDevice_C2Ev
                0x000855dc       0x24 C:\Users\Flo\AppData\Local\Temp\VMBuilds\test_pendant\arduino_due_x_dbg\Debug/core.a(USBCore.cpp.o)
                0x000855dc                USBDevice_::USBDevice_()
                0x000855dc                USBDevice_::USBDevice_()
 .text._ZN10USBDevice_6attachEv
                0x00085600       0x20 C:\Users\Flo\AppData\Local\Temp\VMBuilds\test_pendant\arduino_due_x_dbg\Debug/core.a(USBCore.cpp.o)
                0x00085600                USBDevice_::attach()
 .text.startup._GLOBAL__sub_I_EndPoints
                0x00085620        0xc C:\Users\Flo\AppData\Local\Temp\VMBuilds\test_pendant\arduino_due_x_dbg\Debug/core.a(USBCore.cpp.o)
 .text._ZL7USB_ISRv
                0x0008562c      0x454 C:\Users\Flo\AppData\Local\Temp\VMBuilds\test_pendant\arduino_due_x_dbg\Debug/core.a(USBCore.cpp.o)
 .text.ltoa     0x00085a80       0x6e C:\Users\Flo\AppData\Local\Temp\VMBuilds\test_pendant\arduino_due_x_dbg\Debug/core.a(itoa.c.o)
                0x00085a80                ltoa
 .text.itoa     0x00085aee        0x4 C:\Users\Flo\AppData\Local\Temp\VMBuilds\test_pendant\arduino_due_x_dbg\Debug/core.a(itoa.c.o)
                0x00085aee                itoa
 .text.ultoa    0x00085af2       0x52 C:\Users\Flo\AppData\Local\Temp\VMBuilds\test_pendant\arduino_due_x_dbg\Debug/core.a(itoa.c.o)
                0x00085af2                ultoa
 .text.dtostrf  0x00085b44       0x28 C:\Users\Flo\AppData\Local\Temp\VMBuilds\test_pendant\arduino_due_x_dbg\Debug/core.a(dtostrf.c.o)
                0x00085b44                dtostrf
 .text._ZN7Serial_9availableEv
                0x00085b6c       0x18 C:\Users\Flo\AppData\Local\Temp\VMBuilds\test_pendant\arduino_due_x_dbg\Debug/core.a(CDC.cpp.o)
                0x00085b6c                Serial_::available()
 .text._ZN7Serial_17availableForWriteEv
                0x00085b84        0x6 C:\Users\Flo\AppData\Local\Temp\VMBuilds\test_pendant\arduino_due_x_dbg\Debug/core.a(CDC.cpp.o)
                0x00085b84                Serial_::availableForWrite()
 *fill*         0x00085b8a        0x2 
 .text._ZN7Serial_4peekEv
                0x00085b8c       0x20 C:\Users\Flo\AppData\Local\Temp\VMBuilds\test_pendant\arduino_due_x_dbg\Debug/core.a(CDC.cpp.o)
                0x00085b8c                Serial_::peek()
 .text._ZN7Serial_5writeEh
                0x00085bac       0x16 C:\Users\Flo\AppData\Local\Temp\VMBuilds\test_pendant\arduino_due_x_dbg\Debug/core.a(CDC.cpp.o)
                0x00085bac                Serial_::write(unsigned char)
 *fill*         0x00085bc2        0x2 
 .text._ZN7Serial_4readEv
                0x00085bc4       0x44 C:\Users\Flo\AppData\Local\Temp\VMBuilds\test_pendant\arduino_due_x_dbg\Debug/core.a(CDC.cpp.o)
                0x00085bc4                Serial_::read()
 .text._ZN7Serial_5flushEv
                0x00085c08        0x6 C:\Users\Flo\AppData\Local\Temp\VMBuilds\test_pendant\arduino_due_x_dbg\Debug/core.a(CDC.cpp.o)
                0x00085c08                Serial_::flush()
 *fill*         0x00085c0e        0x2 
 .text._ZN7Serial_6acceptEv
                0x00085c10       0x70 C:\Users\Flo\AppData\Local\Temp\VMBuilds\test_pendant\arduino_due_x_dbg\Debug/core.a(CDC.cpp.o)
                0x00085c10                Serial_::accept()
 .text._ZN7Serial_5writeEPKhj
                0x00085c80       0x2c C:\Users\Flo\AppData\Local\Temp\VMBuilds\test_pendant\arduino_due_x_dbg\Debug/core.a(CDC.cpp.o)
                0x00085c80                Serial_::write(unsigned char const*, unsigned int)
 .text._Z16CDC_GetInterfacePh
                0x00085cac       0x14 C:\Users\Flo\AppData\Local\Temp\VMBuilds\test_pendant\arduino_due_x_dbg\Debug/core.a(CDC.cpp.o)
                0x00085cac                CDC_GetInterface(unsigned char*)
 .text._Z21CDC_GetOtherInterfacePh
                0x00085cc0       0x14 C:\Users\Flo\AppData\Local\Temp\VMBuilds\test_pendant\arduino_due_x_dbg\Debug/core.a(CDC.cpp.o)
                0x00085cc0                CDC_GetOtherInterface(unsigned char*)
 .text._Z9CDC_SetupR8USBSetup
                0x00085cd4       0x78 C:\Users\Flo\AppData\Local\Temp\VMBuilds\test_pendant\arduino_due_x_dbg\Debug/core.a(CDC.cpp.o)
                0x00085cd4                CDC_Setup(USBSetup&)
 .text.startup._GLOBAL__sub_I_cdc_rx_buffer
                0x00085d4c       0x1c C:\Users\Flo\AppData\Local\Temp\VMBuilds\test_pendant\arduino_due_x_dbg\Debug/core.a(CDC.cpp.o)
 .text._ZN13PluggableUSB_12getInterfaceEPh
                0x00085d68       0x28 C:\Users\Flo\AppData\Local\Temp\VMBuilds\test_pendant\arduino_due_x_dbg\Debug/core.a(PluggableUSB.cpp.o)
                0x00085d68                PluggableUSB_::getInterface(unsigned char*)
 .text._ZN13PluggableUSB_13getDescriptorER8USBSetup
                0x00085d90       0x1c C:\Users\Flo\AppData\Local\Temp\VMBuilds\test_pendant\arduino_due_x_dbg\Debug/core.a(PluggableUSB.cpp.o)
                0x00085d90                PluggableUSB_::getDescriptor(USBSetup&)
 .text._ZN13PluggableUSB_12getShortNameEPc
                0x00085dac       0x1c C:\Users\Flo\AppData\Local\Temp\VMBuilds\test_pendant\arduino_due_x_dbg\Debug/core.a(PluggableUSB.cpp.o)
                0x00085dac                PluggableUSB_::getShortName(char*)
 .text._ZN13PluggableUSB_5setupER8USBSetup
                0x00085dc8       0x20 C:\Users\Flo\AppData\Local\Temp\VMBuilds\test_pendant\arduino_due_x_dbg\Debug/core.a(PluggableUSB.cpp.o)
                0x00085dc8                PluggableUSB_::setup(USBSetup&)
 .text._Z12PluggableUSBv
                0x00085de8       0x28 C:\Users\Flo\AppData\Local\Temp\VMBuilds\test_pendant\arduino_due_x_dbg\Debug/core.a(PluggableUSB.cpp.o)
                0x00085de8                PluggableUSB()
 .text.FindClockConfiguration
                0x00085e10       0x7c C:\Users\Flo\AppData\Local\arduino15\packages\arduino\hardware\sam\1.6.9\variants\arduino_due_x/libsam_sam3x8e_gcc_rel.a(pwmc.o)
 .text.PWMC_ConfigureChannel
                0x00085e8c       0x60 C:\Users\Flo\AppData\Local\arduino15\packages\arduino\hardware\sam\1.6.9\variants\arduino_due_x/libsam_sam3x8e_gcc_rel.a(pwmc.o)
                0x00085e8c                PWMC_ConfigureChannel
 .text.PWMC_ConfigureClocks
                0x00085eec       0x54 C:\Users\Flo\AppData\Local\arduino15\packages\arduino\hardware\sam\1.6.9\variants\arduino_due_x/libsam_sam3x8e_gcc_rel.a(pwmc.o)
                0x00085eec                PWMC_ConfigureClocks
 .text.PWMC_SetPeriod
                0x00085f40       0x1a C:\Users\Flo\AppData\Local\arduino15\packages\arduino\hardware\sam\1.6.9\variants\arduino_due_x/libsam_sam3x8e_gcc_rel.a(pwmc.o)
                0x00085f40                PWMC_SetPeriod
 *fill*         0x00085f5a        0x2 
 .text.PWMC_SetDutyCycle
                0x00085f5c       0x44 C:\Users\Flo\AppData\Local\arduino15\packages\arduino\hardware\sam\1.6.9\variants\arduino_due_x/libsam_sam3x8e_gcc_rel.a(pwmc.o)
                0x00085f5c                PWMC_SetDutyCycle
 .text.PWMC_EnableChannel
                0x00085fa0        0xa C:\Users\Flo\AppData\Local\arduino15\packages\arduino\hardware\sam\1.6.9\variants\arduino_due_x/libsam_sam3x8e_gcc_rel.a(pwmc.o)
                0x00085fa0                PWMC_EnableChannel
 *fill*         0x00085faa        0x2 
 .text.TC_Configure
                0x00085fac       0x38 C:\Users\Flo\AppData\Local\arduino15\packages\arduino\hardware\sam\1.6.9\variants\arduino_due_x/libsam_sam3x8e_gcc_rel.a(tc.o)
                0x00085fac                TC_Configure
 .text.TC_Start
                0x00085fe4       0x2c C:\Users\Flo\AppData\Local\arduino15\packages\arduino\hardware\sam\1.6.9\variants\arduino_due_x/libsam_sam3x8e_gcc_rel.a(tc.o)
                0x00085fe4                TC_Start
 .text.TC_SetRA
                0x00086010        0x8 C:\Users\Flo\AppData\Local\arduino15\packages\arduino\hardware\sam\1.6.9\variants\arduino_due_x/libsam_sam3x8e_gcc_rel.a(tc.o)
                0x00086010                TC_SetRA
 .text.TC_SetRB
                0x00086018        0x8 C:\Users\Flo\AppData\Local\arduino15\packages\arduino\hardware\sam\1.6.9\variants\arduino_due_x/libsam_sam3x8e_gcc_rel.a(tc.o)
                0x00086018                TC_SetRB
 .text.TC_SetRC
                0x00086020        0x8 C:\Users\Flo\AppData\Local\arduino15\packages\arduino\hardware\sam\1.6.9\variants\arduino_due_x/libsam_sam3x8e_gcc_rel.a(tc.o)
                0x00086020                TC_SetRC
 .text.TimeTick_Increment
                0x00086028       0x10 C:\Users\Flo\AppData\Local\arduino15\packages\arduino\hardware\sam\1.6.9\variants\arduino_due_x/libsam_sam3x8e_gcc_rel.a(timetick.o)
                0x00086028                TimeTick_Increment
 .text.GetTickCount
                0x00086038        0xc C:\Users\Flo\AppData\Local\arduino15\packages\arduino\hardware\sam\1.6.9\variants\arduino_due_x/libsam_sam3x8e_gcc_rel.a(timetick.o)
                0x00086038                GetTickCount
 .text.WDT_Disable
                0x00086044        0x8 C:\Users\Flo\AppData\Local\arduino15\packages\arduino\hardware\sam\1.6.9\variants\arduino_due_x/libsam_sam3x8e_gcc_rel.a(wdt.o)
                0x00086044                WDT_Disable
 .text.UDD_SetStack
                0x0008604c        0xc C:\Users\Flo\AppData\Local\arduino15\packages\arduino\hardware\sam\1.6.9\variants\arduino_due_x/libsam_sam3x8e_gcc_rel.a(uotghs_device.o)
                0x0008604c                UDD_SetStack
 .text.UDD_Init
                0x00086058       0xd0 C:\Users\Flo\AppData\Local\arduino15\packages\arduino\hardware\sam\1.6.9\variants\arduino_due_x/libsam_sam3x8e_gcc_rel.a(uotghs_device.o)
                0x00086058                UDD_Init
 .text.UDD_Attach
                0x00086128       0x50 C:\Users\Flo\AppData\Local\arduino15\packages\arduino\hardware\sam\1.6.9\variants\arduino_due_x/libsam_sam3x8e_gcc_rel.a(uotghs_device.o)
                0x00086128                UDD_Attach
 .text.UDD_InitEP
                0x00086178       0x2c C:\Users\Flo\AppData\Local\arduino15\packages\arduino\hardware\sam\1.6.9\variants\arduino_due_x/libsam_sam3x8e_gcc_rel.a(uotghs_device.o)
                0x00086178                UDD_InitEP
 .text.UDD_InitEndpoints
                0x000861a4       0x3c C:\Users\Flo\AppData\Local\arduino15\packages\arduino\hardware\sam\1.6.9\variants\arduino_due_x/libsam_sam3x8e_gcc_rel.a(uotghs_device.o)
                0x000861a4                UDD_InitEndpoints
 .text.UDD_WaitIN
                0x000861e0       0x10 C:\Users\Flo\AppData\Local\arduino15\packages\arduino\hardware\sam\1.6.9\variants\arduino_due_x/libsam_sam3x8e_gcc_rel.a(uotghs_device.o)
                0x000861e0                UDD_WaitIN
 .text.UDD_WaitOUT
                0x000861f0       0x10 C:\Users\Flo\AppData\Local\arduino15\packages\arduino\hardware\sam\1.6.9\variants\arduino_due_x/libsam_sam3x8e_gcc_rel.a(uotghs_device.o)
                0x000861f0                UDD_WaitOUT
 .text.UDD_ClearIN
                0x00086200       0x18 C:\Users\Flo\AppData\Local\arduino15\packages\arduino\hardware\sam\1.6.9\variants\arduino_due_x/libsam_sam3x8e_gcc_rel.a(uotghs_device.o)
                0x00086200                UDD_ClearIN
 .text.UDD_ClearOUT
                0x00086218       0x18 C:\Users\Flo\AppData\Local\arduino15\packages\arduino\hardware\sam\1.6.9\variants\arduino_due_x/libsam_sam3x8e_gcc_rel.a(uotghs_device.o)
                0x00086218                UDD_ClearOUT
 .text.UDD_ReceivedSetupInt